172.30.1.60 - - [17/Apr/2023:14:15:01 +0900] "GET /clientweb/js_dom/js_basic_dom.html HTTP/1.1" 304 -
172.30.1.60 - - [17/Apr/2023:14:15:02 +0900] "GET /clientweb/js_dom/js_basic_dom.html HTTP/1.1" 304 -
172.30.1.60 - - [17/Apr/2023:14:15:02 +0900] "GET /clientweb/js_dom/js_basic_dom.html HTTP/1.1" 304 -
172.30.1.60 - - [17/Apr/2023:14:15:16 +0900] "GET /clientweb/js_dom/js_basic_dom.html HTTP/1.1" 304 -
172.30.1.60 - - [17/Apr/2023:14:15:16 +0900] "GET /clientweb/js_dom/js_basic_dom.html HTTP/1.1" 304 -
172.30.1.60 - - [17/Apr/2023:14:15:17 +0900] "GET /clientweb/js_dom/js_basic_dom.html HTTP/1.1" 304 -
172.30.1.60 - - [17/Apr/2023:14:15:17 +0900] "GET /clientweb/js_dom/js_basic_dom.html HTTP/1.1" 304 -
172.30.1.60 - - [17/Apr/2023:14:15:18 +0900] "GET /clientweb/js_dom/js_basic_dom.html HTTP/1.1" 304 -
172.30.1.60 - - [17/Apr/2023:14:15:18 +0900] "GET /clientweb/js_dom/js_basic_dom.html HTTP/1.1" 304 -
172.30.1.60 - - [17/Apr/2023:14:15:19 +0900] "GET /clientweb/js_dom/js_basic_dom.html HTTP/1.1" 304 -
172.30.1.60 - - [17/Apr/2023:14:15:19 +0900] "GET /clientweb/js_dom/js_basic_dom.html HTTP/1.1" 304 -
172.30.1.60 - - [17/Apr/2023:14:15:28 +0900] "GET /clientweb/js_dom/js_basic_dom.html HTTP/1.1" 200 1923
172.30.1.60 - - [17/Apr/2023:14:15:29 +0900] "GET /clientweb/js_dom/js_basic_dom.html HTTP/1.1" 304 -
172.30.1.60 - - [17/Apr/2023:14:15:29 +0900] "GET /clientweb/js_dom/js_basic_dom.html HTTP/1.1" 304 -
172.30.1.60 - - [17/Apr/2023:14:15:30 +0900] "GET /clientweb/js_dom/js_basic_dom.html HTTP/1.1" 304 -
172.30.1.60 - - [17/Apr/2023:14:16:54 +0900] "GET /clientweb/js_dom/js_basic_dom.html HTTP/1.1" 200 1928
172.30.1.60 - - [17/Apr/2023:14:17:00 +0900] "GET /clientweb/js_dom/js_basic_dom.html HTTP/1.1" 304 -
172.30.1.60 - - [17/Apr/2023:14:18:38 +0900] "GET /clientweb/js_dom/js_basic_dom.html HTTP/1.1" 200 1965
172.30.1.60 - - [17/Apr/2023:14:18:39 +0900] "GET /clientweb/js_dom/js_basic_dom.html HTTP/1.1" 304 -
172.30.1.60 - - [17/Apr/2023:14:18:46 +0900] "GET /clientweb/js_dom/js_basic_dom.html HTTP/1.1" 200 1967
172.30.1.60 - - [17/Apr/2023:14:19:00 +0900] "GET /clientweb/js_dom/js_basic_dom.html HTTP/1.1" 200 1965
172.30.1.60 - - [17/Apr/2023:14:19:30 +0900] "GET /clientweb/js_dom/js_basic_dom.html HTTP/1.1" 200 1946
127.0.0.1 - - [17/Apr/2023:14:19:51 +0900] "GET / HTTP/1.1" 404 807
172.30.1.60 - - [17/Apr/2023:14:19:52 +0900] "GET /clientweb/js_dom/js_basic_dom.html HTTP/1.1" 200 1971
172.30.1.60 - - [17/Apr/2023:14:19:53 +0900] "GET /clientweb/js_dom/js_basic_dom.html HTTP/1.1" 304 -
172.30.1.60 - - [17/Apr/2023:14:20:03 +0900] "GET /clientweb/js_dom/js_basic_dom.html HTTP/1.1" 304 -
172.30.1.60 - - [17/Apr/2023:14:20:04 +0900] "GET /clientweb/js_dom/js_basic_dom.html HTTP/1.1" 304 -
172.30.1.60 - - [17/Apr/2023:14:20:04 +0900] "GET /clientweb/js_dom/js_basic_dom.html HTTP/1.1" 304 -
172.30.1.60 - - [17/Apr/2023:14:20:05 +0900] "GET /clientweb/js_dom/js_basic_dom.html HTTP/1.1" 304 -
172.30.1.60 - - [17/Apr/2023:14:20:05 +0900] "GET /clientweb/js_dom/js_basic_dom.html HTTP/1.1" 304 -
172.30.1.60 - - [17/Apr/2023:14:20:54 +0900] "GET /clientweb/js_dom/js_basic_dom.html HTTP/1.1" 200 2038
172.30.1.60 - - [17/Apr/2023:14:20:58 +0900] "GET /clientweb/js_dom/js_basic_dom.html HTTP/1.1" 304 -
127.0.0.1 - - [17/Apr/2023:14:21:10 +0900] "GET / HTTP/1.1" 404 807
172.30.1.60 - - [17/Apr/2023:14:21:11 +0900] "GET /clientweb/js_dom/js_basic_dom.html HTTP/1.1" 200 2040
172.30.1.60 - - [17/Apr/2023:14:21:23 +0900] "GET /clientweb/js_dom/js_basic_dom.html HTTP/1.1" 200 2040
172.30.1.60 - - [17/Apr/2023:14:21:32 +0900] "GET /clientweb/js_dom/js_basic_dom.html HTTP/1.1" 200 2040
172.30.1.60 - - [17/Apr/2023:14:21:33 +0900] "GET /clientweb/js_dom/js_basic_dom.html HTTP/1.1" 304 -
172.30.1.60 - - [17/Apr/2023:14:22:29 +0900] "GET /clientweb/js_dom/js_basic_dom.html HTTP/1.1" 200 2216
172.30.1.60 - - [17/Apr/2023:14:25:30 +0900] "GET /clientweb/js_dom/js_basic_dom.html HTTP/1.1" 304 -
172.30.1.60 - - [17/Apr/2023:14:27:26 +0900] "GET /clientweb/js_dom/js_basic_dom.html HTTP/1.1" 200 2333
172.30.1.60 - - [17/Apr/2023:14:27:42 +0900] "GET /clientweb/js_dom/js_basic_dom.html HTTP/1.1" 304 -
172.30.1.60 - - [17/Apr/2023:14:28:38 +0900] "GET /clientweb/js_dom/js_basic_dom.html HTTP/1.1" 200 2204
172.30.1.60 - - [17/Apr/2023:14:33:08 +0900] "GET /clientweb/js_dom/js_basic_dom.html HTTP/1.1" 200 2489
172.30.1.60 - - [17/Apr/2023:14:34:34 +0900] "GET /clientweb/js_dom/js_basic_dom.html HTTP/1.1" 200 2487
172.30.1.60 - - [17/Apr/2023:14:34:38 +0900] "GET /clientweb/js_dom/js_basic_dom.html HTTP/1.1" 304 -
127.0.0.1 - - [17/Apr/2023:14:46:34 +0900] "GET / HTTP/1.1" 404 807
172.30.1.60 - - [17/Apr/2023:14:46:39 +0900] "GET /clientweb/function_expression_exam.html HTTP/1.1" 404 850
172.30.1.60 - - [17/Apr/2023:14:46:47 +0900] "GET /clientweb/js_dom/function_expression_exam.html HTTP/1.1" 200 1150
172.30.1.60 - - [17/Apr/2023:14:47:32 +0900] "GET /clientweb/js_dom/function_expression_exam.html HTTP/1.1" 200 1146
172.30.1.60 - - [17/Apr/2023:14:47:36 +0900] "GET /clientweb/js_dom/function_expression_exam.html HTTP/1.1" 304 -
127.0.0.1 - - [17/Apr/2023:14:47:41 +0900] "GET / HTTP/1.1" 404 807
172.30.1.60 - - [17/Apr/2023:14:47:41 +0900] "GET /clientweb/js_dom/function_expression_exam.html HTTP/1.1" 200 1204
172.30.1.60 - - [17/Apr/2023:14:47:45 +0900] "GET /clientweb/js_dom/function_expression_exam.html HTTP/1.1" 304 -
172.30.1.60 - - [17/Apr/2023:14:47:57 +0900] "GET /clientweb/js_dom/function_expression_exam.html HTTP/1.1" 304 -
172.30.1.60 - - [17/Apr/2023:14:48:21 +0900] "GET /clientweb/js_dom/function_expression_exam.html HTTP/1.1" 200 1207
172.30.1.60 - - [17/Apr/2023:14:48:22 +0900] "GET /clientweb/js_dom/function_expression_exam.html HTTP/1.1" 304 -
127.0.0.1 - - [17/Apr/2023:14:48:26 +0900] "GET / HTTP/1.1" 404 807
172.30.1.60 - - [17/Apr/2023:14:48:26 +0900] "GET /clientweb/js_dom/function_expression_exam.html HTTP/1.1" 200 1252
172.30.1.60 - - [17/Apr/2023:14:48:35 +0900] "GET /clientweb/js_dom/function_expression_exam.html HTTP/1.1" 200 1204
127.0.0.1 - - [17/Apr/2023:14:48:40 +0900] "GET / HTTP/1.1" 404 807
172.30.1.60 - - [17/Apr/2023:14:48:46 +0900] "GET /clientweb/js_dom/function_expression_exam.html HTTP/1.1" 200 1208
172.30.1.60 - - [17/Apr/2023:14:49:20 +0900] "GET /clientweb/js_dom/function_expression_exam.html HTTP/1.1" 200 1232
127.0.0.1 - - [17/Apr/2023:14:49:30 +0900] "GET / HTTP/1.1" 404 807
172.30.1.60 - - [17/Apr/2023:14:49:31 +0900] "GET /clientweb/js_dom/function_expression_exam.html HTTP/1.1" 200 1258
172.30.1.60 - - [17/Apr/2023:14:49:55 +0900] "GET /clientweb/js_dom/function_expression_exam.html HTTP/1.1" 304 -
172.30.1.60 - - [17/Apr/2023:14:49:56 +0900] "GET /clientweb/js_dom/function_expression_exam.html HTTP/1.1" 304 -
172.30.1.60 - - [17/Apr/2023:14:50:04 +0900] "GET /clientweb/js_dom/function_expression_exam.html HTTP/1.1" 200 1304
172.30.1.60 - - [17/Apr/2023:14:50:41 +0900] "GET /clientweb/js_dom/function_expression_exam.html HTTP/1.1" 200 1281
172.30.1.60 - - [17/Apr/2023:14:50:46 +0900] "GET /clientweb/js_dom/function_expression_exam.html HTTP/1.1" 304 -
172.30.1.60 - - [17/Apr/2023:14:51:10 +0900] "GET /clientweb/js_dom/function_expression_exam.html HTTP/1.1" 304 -
172.30.1.60 - - [17/Apr/2023:14:51:11 +0900] "GET /clientweb/js_dom/function_expression_exam.html HTTP/1.1" 304 -
172.30.1.60 - - [17/Apr/2023:14:51:12 +0900] "GET /clientweb/js_dom/function_expression_exam.html HTTP/1.1" 304 -
172.30.1.60 - - [17/Apr/2023:14:51:14 +0900] "GET /clientweb/js_dom/function_expression_exam.html HTTP/1.1" 304 -
172.30.1.60 - - [17/Apr/2023:14:51:14 +0900] "GET /clientweb/js_dom/function_expression_exam.html HTTP/1.1" 304 -
127.0.0.1 - - [17/Apr/2023:14:51:23 +0900] "GET / HTTP/1.1" 404 807
172.30.1.60 - - [17/Apr/2023:14:51:25 +0900] "GET /clientweb/js_dom/function_expression_exam.html HTTP/1.1" 200 1228
127.0.0.1 - - [17/Apr/2023:14:51:37 +0900] "GET / HTTP/1.1" 404 807
172.30.1.60 - - [17/Apr/2023:14:51:38 +0900] "GET /clientweb/js_dom/function_expression_exam.html HTTP/1.1" 200 1231
172.30.1.60 - - [17/Apr/2023:14:52:18 +0900] "GET /clientweb/js_dom/function_expression_exam.html HTTP/1.1" 304 -
172.30.1.60 - - [17/Apr/2023:14:52:41 +0900] "GET /clientweb/js_dom/function_expression_exam.html HTTP/1.1" 200 1255
172.30.1.60 - - [17/Apr/2023:14:53:23 +0900] "GET /clientweb/js_dom/function_expression_exam.html HTTP/1.1" 200 1170
172.30.1.60 - - [17/Apr/2023:14:54:28 +0900] "GET /clientweb/js_dom/function_expression_exam.html HTTP/1.1" 304 -
127.0.0.1 - - [17/Apr/2023:14:54:33 +0900] "GET / HTTP/1.1" 404 807
172.30.1.60 - - [17/Apr/2023:14:54:34 +0900] "GET /clientweb/js_dom/function_expression_exam.html HTTP/1.1" 200 1120
172.30.1.60 - - [17/Apr/2023:14:54:46 +0900] "GET /clientweb/js_dom/function_expression_exam.html HTTP/1.1" 304 -
127.0.0.1 - - [17/Apr/2023:14:54:52 +0900] "GET / HTTP/1.1" 404 807
172.30.1.60 - - [17/Apr/2023:14:54:54 +0900] "GET /clientweb/js_dom/function_expression_exam.html HTTP/1.1" 200 1067
127.0.0.1 - - [17/Apr/2023:14:55:08 +0900] "GET / HTTP/1.1" 404 807
172.30.1.60 - - [17/Apr/2023:14:55:09 +0900] "GET /clientweb/js_dom/function_expression_exam.html HTTP/1.1" 200 1067
127.0.0.1 - - [17/Apr/2023:15:13:01 +0900] "GET / HTTP/1.1" 404 807
172.30.1.60 - - [17/Apr/2023:15:13:03 +0900] "GET /clientweb/js_dom/function_expression_exam.html HTTP/1.1" 200 1069
172.30.1.60 - - [17/Apr/2023:15:13:30 +0900] "GET /clientweb/js_dom/function_expression_exam.html HTTP/1.1" 200 1067
172.30.1.60 - - [17/Apr/2023:15:14:26 +0900] "GET /clientweb/js_dom/function_expression_exam.html HTTP/1.1" 200 1073
127.0.0.1 - - [17/Apr/2023:15:14:34 +0900] "GET / HTTP/1.1" 404 807
172.30.1.60 - - [17/Apr/2023:15:14:35 +0900] "GET /clientweb/js_dom/function_expression_exam.html HTTP/1.1" 304 -
172.30.1.60 - - [17/Apr/2023:15:15:03 +0900] "GET /clientweb/js_dom/function_expression_exam.html HTTP/1.1" 200 1047
127.0.0.1 - - [17/Apr/2023:15:15:27 +0900] "GET / HTTP/1.1" 404 807
172.30.1.60 - - [17/Apr/2023:15:15:28 +0900] "GET /clientweb/js_dom/function_expression_exam.html HTTP/1.1" 200 1058
172.30.1.60 - - [17/Apr/2023:15:18:13 +0900] "GET /clientweb/js_dom/function_expression_exam.html HTTP/1.1" 200 1066
127.0.0.1 - - [17/Apr/2023:15:33:36 +0900] "GET / HTTP/1.1" 404 807
172.30.1.60 - - [17/Apr/2023:15:33:41 +0900] "GET /clientweb/js_dom/js_basic_dom_imageinsert.html HTTP/1.1" 200 1459
172.30.1.60 - - [17/Apr/2023:15:33:44 +0900] "GET /clientweb/images/bts.jpg HTTP/1.1" 200 72226
172.30.1.60 - - [17/Apr/2023:15:34:25 +0900] "GET /clientweb/js_dom/js_basic_dom_imageinsert.html HTTP/1.1" 200 1468
172.30.1.60 - - [17/Apr/2023:15:34:28 +0900] "GET /clientweb/js_dom/js_basic_dom_imageinsert.html HTTP/1.1" 304 -
172.30.1.60 - - [17/Apr/2023:15:34:29 +0900] "GET /clientweb/js_dom/js_basic_dom_imageinsert.html HTTP/1.1" 304 -
172.30.1.60 - - [17/Apr/2023:15:34:29 +0900] "GET /clientweb/js_dom/js_basic_dom_imageinsert.html HTTP/1.1" 304 -
172.30.1.60 - - [17/Apr/2023:15:34:30 +0900] "GET /clientweb/js_dom/js_basic_dom_imageinsert.html HTTP/1.1" 304 -
172.30.1.60 - - [17/Apr/2023:15:34:30 +0900] "GET /clientweb/js_dom/js_basic_dom_imageinsert.html HTTP/1.1" 200 1477
172.30.1.60 - - [17/Apr/2023:15:34:52 +0900] "GET /clientweb/js_dom/js_basic_dom_imageinsert.html HTTP/1.1" 304 -
172.30.1.60 - - [17/Apr/2023:15:36:41 +0900] "GET /clientweb/js_dom/js_basic_dom_imageinsert.html HTTP/1.1" 200 1554
172.30.1.60 - - [17/Apr/2023:15:37:26 +0900] "GET /clientweb/js_dom/js_basic_dom_imageinsert.html HTTP/1.1" 304 -
127.0.0.1 - - [17/Apr/2023:16:12:55 +0900] "GET / HTTP/1.1" 404 807
172.30.1.60 - - [17/Apr/2023:16:13:12 +0900] "GET /clientweb/js_dom/js_basic_dom_remove.html HTTP/1.1" 200 1462
172.30.1.60 - - [17/Apr/2023:16:13:17 +0900] "GET /clientweb/js_dom/js_basic_dom_remove.html HTTP/1.1" 304 -
172.30.1.60 - - [17/Apr/2023:16:13:37 +0900] "GET /clientweb/js_dom/js_basic_dom_remove.html HTTP/1.1" 304 -
172.30.1.60 - - [17/Apr/2023:16:13:41 +0900] "GET /clientweb/js_dom/js_basic_dom_remove.html HTTP/1.1" 304 -
172.30.1.60 - - [17/Apr/2023:16:13:44 +0900] "GET /clientweb/js_dom/js_basic_dom_remove.html HTTP/1.1" 200 1484
172.30.1.60 - - [17/Apr/2023:16:13:59 +0900] "GET /clientweb/js_dom/js_basic_dom_remove.html HTTP/1.1" 304 -
172.30.1.60 - - [17/Apr/2023:16:14:27 +0900] "GET /clientweb/js_dom/js_basic_dom_remove.html HTTP/1.1" 200 1462
172.30.1.60 - - [17/Apr/2023:16:14:30 +0900] "GET /clientweb/js_dom/js_basic_dom_remove.html HTTP/1.1" 304 -
172.30.1.60 - - [17/Apr/2023:16:17:34 +0900] "GET /clientweb/js_dom/js_basic_dom_remove.html HTTP/1.1" 200 1623
172.30.1.60 - - [17/Apr/2023:16:17:34 +0900] "GET /clientweb/js_dom/js_basic_dom_remove.html HTTP/1.1" 304 -
172.30.1.60 - - [17/Apr/2023:16:17:37 +0900] "GET /clientweb/js_dom/js_basic_dom_remove.html HTTP/1.1" 304 -
172.30.1.60 - - [17/Apr/2023:16:17:41 +0900] "GET /clientweb/js_dom/js_basic_dom_remove.html HTTP/1.1" 304 -
172.30.1.60 - - [17/Apr/2023:16:18:01 +0900] "GET /clientweb/js_dom/js_basic_dom_remove.html HTTP/1.1" 200 1623
172.30.1.60 - - [17/Apr/2023:16:18:04 +0900] "GET /clientweb/js_dom/js_basic_dom_remove.html HTTP/1.1" 304 -
172.30.1.60 - - [17/Apr/2023:16:18:06 +0900] "GET /clientweb/js_dom/js_basic_dom_remove.html HTTP/1.1" 304 -
172.30.1.60 - - [17/Apr/2023:16:18:08 +0900] "GET /clientweb/js_dom/js_basic_dom_remove.html HTTP/1.1" 304 -
172.30.1.60 - - [17/Apr/2023:16:18:10 +0900] "GET /clientweb/js_dom/js_basic_dom_remove.html HTTP/1.1" 304 -
172.30.1.60 - - [17/Apr/2023:16:18:30 +0900] "GET /clientweb/js_dom/js_basic_dom_remove.html HTTP/1.1" 200 1623
172.30.1.60 - - [17/Apr/2023:16:18:40 +0900] "GET /clientweb/js_dom/js_basic_dom_remove.html HTTP/1.1" 200 1588
127.0.0.1 - - [17/Apr/2023:16:18:46 +0900] "GET / HTTP/1.1" 404 807
172.30.1.60 - - [17/Apr/2023:16:18:49 +0900] "GET /clientweb/js_dom/js_basic_dom_remove.html HTTP/1.1" 304 -
127.0.0.1 - - [17/Apr/2023:16:19:03 +0900] "GET / HTTP/1.1" 404 807
172.30.1.60 - - [17/Apr/2023:16:19:04 +0900] "GET /clientweb/js_dom/js_basic_dom_remove.html HTTP/1.1" 200 1588
172.30.1.60 - - [17/Apr/2023:16:19:43 +0900] "GET /clientweb/js_dom/js_basic_dom_remove.html HTTP/1.1" 200 1581
172.30.1.60 - - [17/Apr/2023:16:21:23 +0900] "GET /clientweb/js_dom/js_basic_dom_remove.html HTTP/1.1" 200 1393
172.30.1.60 - - [17/Apr/2023:16:21:40 +0900] "GET /clientweb/js_dom/js_basic_dom_remove.html HTTP/1.1" 304 -
172.30.1.60 - - [17/Apr/2023:16:21:43 +0900] "GET /clientweb/js_dom/js_basic_dom_remove.html HTTP/1.1" 304 -
172.30.1.60 - - [17/Apr/2023:16:21:43 +0900] "GET /clientweb/js_dom/js_basic_dom_remove.html HTTP/1.1" 304 -
172.30.1.60 - - [17/Apr/2023:16:21:44 +0900] "GET /clientweb/js_dom/js_basic_dom_remove.html HTTP/1.1" 304 -
172.30.1.60 - - [17/Apr/2023:16:21:44 +0900] "GET /clientweb/js_dom/js_basic_dom_remove.html HTTP/1.1" 304 -
172.30.1.60 - - [17/Apr/2023:16:21:44 +0900] "GET /clientweb/js_dom/js_basic_dom_remove.html HTTP/1.1" 304 -
172.30.1.60 - - [17/Apr/2023:16:21:45 +0900] "GET /clientweb/js_dom/js_basic_dom_remove.html HTTP/1.1" 304 -
172.30.1.60 - - [17/Apr/2023:16:21:47 +0900] "GET /clientweb/js_dom/js_basic_dom_remove.html HTTP/1.1" 200 1428
172.30.1.60 - - [17/Apr/2023:16:21:50 +0900] "GET /clientweb/js_dom/js_basic_dom_remove.html HTTP/1.1" 304 -
172.30.1.60 - - [17/Apr/2023:16:21:54 +0900] "GET /clientweb/js_dom/js_basic_dom_remove.html HTTP/1.1" 304 -
172.30.1.60 - - [17/Apr/2023:16:22:25 +0900] "GET /clientweb/js_dom/dom_exam.html HTTP/1.1" 404 845
172.30.1.60 - - [17/Apr/2023:16:22:30 +0900] "GET /clientweb/js_dom/domExam.html HTTP/1.1" 200 633
172.30.1.60 - - [17/Apr/2023:16:25:35 +0900] "GET /clientweb/js_dom/domExam.html HTTP/1.1" 200 922
127.0.0.1 - - [17/Apr/2023:16:25:59 +0900] "GET / HTTP/1.1" 404 807
172.30.1.60 - - [17/Apr/2023:16:26:00 +0900] "GET /clientweb/js_dom/domExam.html HTTP/1.1" 200 838
172.30.1.60 - - [17/Apr/2023:16:26:05 +0900] "GET /clientweb/js_dom/domExam.html HTTP/1.1" 304 -
172.30.1.60 - - [17/Apr/2023:16:27:36 +0900] "GET /clientweb/js_dom/domExam.html HTTP/1.1" 200 996
127.0.0.1 - - [17/Apr/2023:16:27:40 +0900] "GET / HTTP/1.1" 404 807
172.30.1.60 - - [17/Apr/2023:16:27:40 +0900] "GET /clientweb/js_dom/domExam.html HTTP/1.1" 304 -
172.30.1.60 - - [17/Apr/2023:16:27:42 +0900] "GET /clientweb/js_dom/domExam.html HTTP/1.1" 304 -
172.30.1.60 - - [17/Apr/2023:16:27:47 +0900] "GET /clientweb/js_dom/domExam.html HTTP/1.1" 304 -
172.30.1.60 - - [17/Apr/2023:16:27:53 +0900] "GET /clientweb/js_dom/domExam.html HTTP/1.1" 304 -
172.30.1.60 - - [17/Apr/2023:16:27:54 +0900] "GET /clientweb/js_dom/domExam.html HTTP/1.1" 304 -
172.30.1.60 - - [17/Apr/2023:16:27:54 +0900] "GET /clientweb/js_dom/domExam.html HTTP/1.1" 304 -
172.30.1.60 - - [17/Apr/2023:16:27:54 +0900] "GET /clientweb/js_dom/domExam.html HTTP/1.1" 304 -
172.30.1.60 - - [17/Apr/2023:16:27:55 +0900] "GET /clientweb/js_dom/domExam.html HTTP/1.1" 304 -
172.30.1.60 - - [17/Apr/2023:16:27:55 +0900] "GET /clientweb/js_dom/domExam.html HTTP/1.1" 304 -
172.30.1.60 - - [17/Apr/2023:16:28:02 +0900] "GET /clientweb/js_dom/domExam.html HTTP/1.1" 200 1000
172.30.1.60 - - [17/Apr/2023:16:28:08 +0900] "GET /clientweb/js_dom/domExam.html HTTP/1.1" 304 -
172.30.1.60 - - [17/Apr/2023:16:28:09 +0900] "GET /clientweb/js_dom/domExam.html HTTP/1.1" 304 -
172.30.1.60 - - [17/Apr/2023:16:28:09 +0900] "GET /clientweb/js_dom/domExam.html HTTP/1.1" 304 -
172.30.1.60 - - [17/Apr/2023:16:28:10 +0900] "GET /clientweb/js_dom/domExam.html HTTP/1.1" 304 -
172.30.1.60 - - [17/Apr/2023:16:28:10 +0900] "GET /clientweb/js_dom/domExam.html HTTP/1.1" 304 -
172.30.1.60 - - [17/Apr/2023:16:28:11 +0900] "GET /clientweb/js_dom/domExam.html HTTP/1.1" 304 -
172.30.1.60 - - [17/Apr/2023:16:28:11 +0900] "GET /clientweb/js_dom/domExam.html HTTP/1.1" 304 -
172.30.1.60 - - [17/Apr/2023:16:28:11 +0900] "GET /clientweb/js_dom/domExam.html HTTP/1.1" 304 -
172.30.1.60 - - [17/Apr/2023:16:28:12 +0900] "GET /clientweb/js_dom/domExam.html HTTP/1.1" 304 -
172.30.1.60 - - [17/Apr/2023:16:28:14 +0900] "GET /clientweb/js_dom/domExam.html HTTP/1.1" 200 1014
172.30.1.60 - - [17/Apr/2023:16:28:15 +0900] "GET /clientweb/js_dom/domExam.html HTTP/1.1" 304 -
172.30.1.60 - - [17/Apr/2023:16:28:15 +0900] "GET /clientweb/js_dom/domExam.html HTTP/1.1" 304 -
172.30.1.60 - - [17/Apr/2023:16:28:16 +0900] "GET /clientweb/js_dom/domExam.html HTTP/1.1" 304 -
172.30.1.60 - - [17/Apr/2023:16:28:16 +0900] "GET /clientweb/js_dom/domExam.html HTTP/1.1" 304 -
172.30.1.60 - - [17/Apr/2023:16:28:16 +0900] "GET /clientweb/js_dom/domExam.html HTTP/1.1" 304 -
172.30.1.60 - - [17/Apr/2023:16:28:20 +0900] "GET /clientweb/js_dom/domExam.html HTTP/1.1" 304 -
172.30.1.60 - - [17/Apr/2023:16:28:35 +0900] "GET /clientweb/js_dom/domExam.html HTTP/1.1" 200 1007
127.0.0.1 - - [17/Apr/2023:16:28:40 +0900] "GET / HTTP/1.1" 404 807
172.30.1.60 - - [17/Apr/2023:16:28:43 +0900] "GET /clientweb/js_dom/domExam.html HTTP/1.1" 304 -
127.0.0.1 - - [17/Apr/2023:16:28:52 +0900] "GET / HTTP/1.1" 404 807
172.30.1.60 - - [17/Apr/2023:16:28:53 +0900] "GET /clientweb/js_dom/domExam.html HTTP/1.1" 200 1006
127.0.0.1 - - [17/Apr/2023:16:29:14 +0900] "GET / HTTP/1.1" 404 807
127.0.0.1 - - [17/Apr/2023:16:30:30 +0900] "GET / HTTP/1.1" 404 807
172.30.1.60 - - [17/Apr/2023:16:30:32 +0900] "GET /clientweb/js_dom/domExam.html HTTP/1.1" 200 1109
172.30.1.60 - - [17/Apr/2023:16:30:36 +0900] "GET /clientweb/js_dom/domExam.html HTTP/1.1" 304 -
172.30.1.60 - - [17/Apr/2023:16:30:37 +0900] "GET /clientweb/js_dom/domExam.html HTTP/1.1" 304 -
127.0.0.1 - - [17/Apr/2023:16:31:42 +0900] "GET / HTTP/1.1" 404 807
172.30.1.60 - - [17/Apr/2023:16:31:42 +0900] "GET /clientweb/js_dom/domExam.html HTTP/1.1" 200 1126
127.0.0.1 - - [17/Apr/2023:16:31:53 +0900] "GET / HTTP/1.1" 404 807
172.30.1.60 - - [17/Apr/2023:16:31:54 +0900] "GET /clientweb/js_dom/domExam.html HTTP/1.1" 304 -
172.30.1.60 - - [17/Apr/2023:16:31:54 +0900] "GET /clientweb/js_dom/domExam.html HTTP/1.1" 304 -
172.30.1.60 - - [17/Apr/2023:16:32:03 +0900] "GET /clientweb/js_dom/domExam.html HTTP/1.1" 304 -
172.30.1.60 - - [17/Apr/2023:16:32:25 +0900] "GET /clientweb/js_dom/domExam.html HTTP/1.1" 200 1125
172.30.1.60 - - [17/Apr/2023:16:32:27 +0900] "GET /clientweb/js_dom/domExam.html HTTP/1.1" 304 -
172.30.1.60 - - [17/Apr/2023:16:32:34 +0900] "GET /clientweb/js_dom/domExam.html HTTP/1.1" 200 1145
127.0.0.1 - - [17/Apr/2023:16:32:42 +0900] "GET / HTTP/1.1" 404 807
172.30.1.60 - - [17/Apr/2023:16:32:42 +0900] "GET /clientweb/js_dom/domExam.html HTTP/1.1" 200 1145
172.30.1.60 - - [17/Apr/2023:16:33:26 +0900] "GET /clientweb/js_dom/domExam.html HTTP/1.1" 304 -
172.30.1.60 - - [17/Apr/2023:16:33:28 +0900] "GET /clientweb/js_dom/domExam.html HTTP/1.1" 304 -
127.0.0.1 - - [17/Apr/2023:16:33:38 +0900] "GET / HTTP/1.1" 404 807
172.30.1.60 - - [17/Apr/2023:16:33:39 +0900] "GET /clientweb/js_dom/domExam.html HTTP/1.1" 200 1145
172.30.1.60 - - [17/Apr/2023:16:33:41 +0900] "GET /clientweb/js_dom/domExam.html HTTP/1.1" 304 -
172.30.1.60 - - [17/Apr/2023:16:34:14 +0900] "GET /clientweb/js_dom/domExam.html HTTP/1.1" 200 1151
172.30.1.60 - - [17/Apr/2023:16:34:17 +0900] "GET /clientweb/js_dom/domExam.html HTTP/1.1" 304 -
172.30.1.60 - - [17/Apr/2023:16:34:21 +0900] "GET /clientweb/js_dom/domExam.html HTTP/1.1" 304 -
172.30.1.60 - - [17/Apr/2023:16:34:21 +0900] "GET /clientweb/js_dom/domExam.html HTTP/1.1" 304 -
172.30.1.60 - - [17/Apr/2023:16:34:22 +0900] "GET /clientweb/js_dom/domExam.html HTTP/1.1" 304 -
172.30.1.60 - - [17/Apr/2023:16:34:22 +0900] "GET /clientweb/js_dom/domExam.html HTTP/1.1" 304 -
127.0.0.1 - - [17/Apr/2023:16:34:26 +0900] "GET / HTTP/1.1" 404 807
172.30.1.60 - - [17/Apr/2023:16:34:28 +0900] "GET /clientweb/js_dom/domExam.html HTTP/1.1" 200 1158
172.30.1.60 - - [17/Apr/2023:16:34:33 +0900] "GET /clientweb/js_dom/domExam.html HTTP/1.1" 304 -
172.30.1.60 - - [17/Apr/2023:16:35:03 +0900] "GET /clientweb/js_dom/domExam.html HTTP/1.1" 304 -
172.30.1.60 - - [17/Apr/2023:16:35:30 +0900] "GET /clientweb/js_dom/domExam.html HTTP/1.1" 200 1143
172.30.1.60 - - [17/Apr/2023:16:36:53 +0900] "GET /clientweb/js_dom/domExam.html HTTP/1.1" 304 -
172.30.1.60 - - [17/Apr/2023:16:37:01 +0900] "GET /clientweb/js_dom/domExam.html HTTP/1.1" 304 -
172.30.1.60 - - [17/Apr/2023:16:37:03 +0900] "GET /clientweb/js_dom/domExam.html HTTP/1.1" 304 -
127.0.0.1 - - [17/Apr/2023:16:37:27 +0900] "GET / HTTP/1.1" 404 807
127.0.0.1 - - [17/Apr/2023:16:37:47 +0900] "GET / HTTP/1.1" 404 807
172.30.1.60 - - [17/Apr/2023:16:37:48 +0900] "GET /clientweb/js_dom/domExam.html HTTP/1.1" 200 1165
127.0.0.1 - - [17/Apr/2023:16:38:43 +0900] "GET / HTTP/1.1" 404 807
172.30.1.60 - - [17/Apr/2023:16:38:45 +0900] "GET /clientweb/js_dom/domExam.html HTTP/1.1" 200 1191
172.30.1.60 - - [17/Apr/2023:16:39:21 +0900] "GET /clientweb/js_dom/domExam.html HTTP/1.1" 200 1175
172.30.1.60 - - [17/Apr/2023:16:39:22 +0900] "GET /clientweb/js_dom/domExam.html HTTP/1.1" 304 -
172.30.1.60 - - [17/Apr/2023:16:39:30 +0900] "GET /clientweb/js_dom/domExam.html HTTP/1.1" 304 -
172.30.1.60 - - [17/Apr/2023:16:40:48 +0900] "GET /clientweb/js_dom/domExam.html HTTP/1.1" 304 -
172.30.1.60 - - [17/Apr/2023:16:44:53 +0900] "GET /clientweb/js_dom/domExam2.html HTTP/1.1" 404 845
172.30.1.60 - - [17/Apr/2023:16:45:11 +0900] "GET /clientweb/js_dom/domExam02.html HTTP/1.1" 200 651
172.30.1.60 - - [17/Apr/2023:16:45:11 +0900] "GET /clientweb/images/m_garden01.jpg HTTP/1.1" 200 160674
172.30.1.60 - - [17/Apr/2023:16:47:43 +0900] "GET /clientweb/js_dom/domExam02.html HTTP/1.1" 200 826
172.30.1.60 - - [17/Apr/2023:16:47:43 +0900] "GET /clientweb/images/m_garden0%7Bidx%7D.jpg HTTP/1.1" 404 854
172.30.1.60 - - [17/Apr/2023:16:47:44 +0900] "GET /clientweb/images/m_garden0%7Bidx%7D.jpg HTTP/1.1" 404 854
172.30.1.60 - - [17/Apr/2023:16:47:51 +0900] "GET /clientweb/js_dom/domExam02.html HTTP/1.1" 200 827
172.30.1.60 - - [17/Apr/2023:16:47:52 +0900] "GET /clientweb/images/m_garden09.jpg HTTP/1.1" 200 180192
172.30.1.60 - - [17/Apr/2023:16:52:37 +0900] "GET /clientweb/js_dom/domExam02.html HTTP/1.1" 200 888
172.30.1.60 - - [17/Apr/2023:16:52:45 +0900] "GET /clientweb/js_dom/domExam02.html HTTP/1.1" 304 -
172.30.1.60 - - [17/Apr/2023:16:52:54 +0900] "GET /clientweb/js_dom/domExam02.html HTTP/1.1" 304 -
172.30.1.60 - - [17/Apr/2023:16:53:05 +0900] "GET /clientweb/js_dom/domExam02.html HTTP/1.1" 200 884
172.30.1.60 - - [17/Apr/2023:16:53:09 +0900] "GET /clientweb/js_dom/domExam02.html HTTP/1.1" 304 -
127.0.0.1 - - [17/Apr/2023:16:53:13 +0900] "GET / HTTP/1.1" 404 807
172.30.1.60 - - [17/Apr/2023:16:53:14 +0900] "GET /clientweb/js_dom/domExam02.html HTTP/1.1" 304 -
172.30.1.60 - - [17/Apr/2023:16:53:26 +0900] "GET /clientweb/js_dom/domExam02.html HTTP/1.1" 304 -
172.30.1.60 - - [17/Apr/2023:16:53:29 +0900] "GET /clientweb/js_dom/domExam02.html HTTP/1.1" 304 -
127.0.0.1 - - [17/Apr/2023:16:53:34 +0900] "GET / HTTP/1.1" 404 807
172.30.1.60 - - [17/Apr/2023:16:53:35 +0900] "GET /clientweb/js_dom/domExam02.html HTTP/1.1" 200 889
127.0.0.1 - - [17/Apr/2023:17:19:13 +0900] "GET / HTTP/1.1" 404 807
172.30.1.60 - - [17/Apr/2023:17:19:23 +0900] "GET /clientweb/js_dom/domExam.html HTTP/1.1" 200 1177
172.30.1.60 - - [17/Apr/2023:17:19:23 +0900] "GET /favicon.ico HTTP/1.1" 404 818
172.30.1.60 - - [17/Apr/2023:17:19:27 +0900] "GET /clientweb/js_dom/domExam.html HTTP/1.1" 304 -
172.30.1.60 - - [17/Apr/2023:17:19:27 +0900] "GET /clientweb/js_dom/domExam.html HTTP/1.1" 304 -
172.30.1.60 - - [17/Apr/2023:17:19:28 +0900] "GET /clientweb/js_dom/domExam.html HTTP/1.1" 304 -
172.30.1.60 - - [17/Apr/2023:17:19:41 +0900] "GET /clientweb/js_dom/domExam.html HTTP/1.1" 304 -
172.30.1.60 - - [17/Apr/2023:17:19:42 +0900] "GET /clientweb/js_dom/domExam.html HTTP/1.1" 304 -
172.30.1.60 - - [17/Apr/2023:17:19:43 +0900] "GET /clientweb/js_dom/domExam.html HTTP/1.1" 304 -
172.30.1.60 - - [17/Apr/2023:17:19:43 +0900] "GET /clientweb/js_dom/domExam.html HTTP/1.1" 304 -
172.30.1.60 - - [17/Apr/2023:17:19:44 +0900] "GET /clientweb/js_dom/domExam.html HTTP/1.1" 304 -
172.30.1.60 - - [17/Apr/2023:17:19:44 +0900] "GET /clientweb/js_dom/domExam.html HTTP/1.1" 304 -
172.30.1.60 - - [17/Apr/2023:17:19:45 +0900] "GET /clientweb/js_dom/domExam.html HTTP/1.1" 304 -
172.30.1.60 - - [17/Apr/2023:17:19:45 +0900] "GET /clientweb/js_dom/domExam.html HTTP/1.1" 304 -
172.30.1.60 - - [17/Apr/2023:17:19:45 +0900] "GET /clientweb/js_dom/domExam.html HTTP/1.1" 304 -
172.30.1.60 - - [17/Apr/2023:17:19:46 +0900] "GET /clientweb/js_dom/domExam.html HTTP/1.1" 304 -
172.30.1.60 - - [17/Apr/2023:17:19:46 +0900] "GET /clientweb/js_dom/domExam.html HTTP/1.1" 200 1180
172.30.1.60 - - [17/Apr/2023:17:20:05 +0900] "GET /clientweb/js_dom/domExam.html HTTP/1.1" 200 1175
172.30.1.60 - - [17/Apr/2023:17:20:06 +0900] "GET /clientweb/js_dom/domExam.html HTTP/1.1" 304 -
172.30.1.60 - - [17/Apr/2023:17:20:06 +0900] "GET /clientweb/js_dom/domExam.html HTTP/1.1" 304 -
172.30.1.60 - - [17/Apr/2023:17:20:07 +0900] "GET /clientweb/js_dom/domExam.html HTTP/1.1" 304 -
172.30.1.60 - - [17/Apr/2023:17:20:07 +0900] "GET /clientweb/js_dom/domExam.html HTTP/1.1" 304 -
172.30.1.60 - - [17/Apr/2023:17:20:08 +0900] "GET /clientweb/js_dom/domExam.html HTTP/1.1" 304 -
172.30.1.60 - - [17/Apr/2023:17:20:08 +0900] "GET /clientweb/js_dom/domExam.html HTTP/1.1" 304 -
172.30.1.60 - - [17/Apr/2023:17:20:58 +0900] "GET /clientweb/js_dom/domExam.html HTTP/1.1" 200 1175
172.30.1.60 - - [17/Apr/2023:17:20:59 +0900] "GET /clientweb/js_dom/domExam.html HTTP/1.1" 304 -
172.30.1.60 - - [17/Apr/2023:17:21:01 +0900] "GET /clientweb/js_dom/domExam.html HTTP/1.1" 304 -
172.30.1.60 - - [17/Apr/2023:17:21:08 +0900] "GET /clientweb/js_dom/domExam.html HTTP/1.1" 200 1177
172.30.1.60 - - [17/Apr/2023:17:21:09 +0900] "GET /clientweb/js_dom/domExam.html HTTP/1.1" 304 -
172.30.1.60 - - [17/Apr/2023:17:21:10 +0900] "GET /clientweb/js_dom/domExam.html HTTP/1.1" 304 -
172.30.1.60 - - [17/Apr/2023:17:21:10 +0900] "GET /clientweb/js_dom/domExam.html HTTP/1.1" 304 -
172.30.1.60 - - [17/Apr/2023:17:21:12 +0900] "GET /clientweb/js_dom/domExam.html HTTP/1.1" 304 -
172.30.1.60 - - [17/Apr/2023:17:21:14 +0900] "GET /clientweb/js_dom/domExam.html HTTP/1.1" 304 -
172.30.1.60 - - [17/Apr/2023:17:21:15 +0900] "GET /clientweb/js_dom/domExam.html HTTP/1.1" 304 -
172.30.1.60 - - [17/Apr/2023:17:21:15 +0900] "GET /clientweb/js_dom/domExam.html HTTP/1.1" 304 -
172.30.1.60 - - [17/Apr/2023:17:21:16 +0900] "GET /clientweb/js_dom/domExam.html HTTP/1.1" 304 -
172.30.1.60 - - [17/Apr/2023:17:21:16 +0900] "GET /clientweb/js_dom/domExam.html HTTP/1.1" 304 -
172.30.1.60 - - [17/Apr/2023:17:21:17 +0900] "GET /clientweb/js_dom/domExam.html HTTP/1.1" 304 -
127.0.0.1 - - [17/Apr/2023:17:21:26 +0900] "GET / HTTP/1.1" 404 807
172.30.1.60 - - [17/Apr/2023:17:21:29 +0900] "GET /clientweb/js_dom/domExam.html HTTP/1.1" 200 1198
172.30.1.60 - - [17/Apr/2023:17:21:33 +0900] "GET /clientweb/js_dom/domExam.html HTTP/1.1" 304 -
172.30.1.60 - - [17/Apr/2023:17:21:33 +0900] "GET /clientweb/js_dom/domExam.html HTTP/1.1" 304 -
127.0.0.1 - - [17/Apr/2023:17:22:25 +0900] "GET / HTTP/1.1" 404 807
172.30.1.60 - - [17/Apr/2023:17:22:26 +0900] "GET /clientweb/js_dom/domExam.html HTTP/1.1" 200 1203
172.30.1.60 - - [17/Apr/2023:17:22:42 +0900] "GET /clientweb/js_dom/domExam.html HTTP/1.1" 304 -
172.30.1.60 - - [17/Apr/2023:17:22:45 +0900] "GET /clientweb/js_dom/domExam.html HTTP/1.1" 304 -
0:0:0:0:0:0:0:1 - - [17/Apr/2023:17:30:25 +0900] "GET /clientweb/js_dom/js_check_dom_test.html HTTP/1.1" 200 1794
0:0:0:0:0:0:0:1 - - [17/Apr/2023:17:30:25 +0900] "GET /favicon.ico HTTP/1.1" 404 818
0:0:0:0:0:0:0:1 - - [17/Apr/2023:17:32:17 +0900] "GET /clientweb/js_dom/js_check_dom_test.html HTTP/1.1" 200 1894
0:0:0:0:0:0:0:1 - - [17/Apr/2023:17:32:33 +0900] "GET /clientweb/js_dom/js_check_dom_test.html HTTP/1.1" 200 1923
0:0:0:0:0:0:0:1 - - [17/Apr/2023:17:32:38 +0900] "GET /clientweb/js_dom/js_check_dom_test.html HTTP/1.1" 304 -
0:0:0:0:0:0:0:1 - - [17/Apr/2023:17:32:43 +0900] "GET /clientweb/js_dom/js_check_dom_test.html HTTP/1.1" 304 -
0:0:0:0:0:0:0:1 - - [17/Apr/2023:17:32:49 +0900] "GET /clientweb/js_dom/js_check_dom_test.html HTTP/1.1" 304 -
0:0:0:0:0:0:0:1 - - [17/Apr/2023:17:33:11 +0900] "GET /clientweb/js_dom/js_check_dom_test.html HTTP/1.1" 304 -
127.0.0.1 - - [17/Apr/2023:17:33:24 +0900] "GET / HTTP/1.1" 404 807
0:0:0:0:0:0:0:1 - - [17/Apr/2023:17:33:32 +0900] "GET /clientweb/js_dom/js_check_dom_test.html HTTP/1.1" 200 1923
0:0:0:0:0:0:0:1 - - [17/Apr/2023:17:33:32 +0900] "GET /clientweb/js_dom/js_check_dom_test.html HTTP/1.1" 304 -
0:0:0:0:0:0:0:1 - - [17/Apr/2023:17:33:34 +0900] "GET /clientweb/js_dom/js_check_dom_test.html HTTP/1.1" 304 -
0:0:0:0:0:0:0:1 - - [17/Apr/2023:17:34:46 +0900] "GET /clientweb/js_dom/js_check_dom_test.html HTTP/1.1" 200 1980
0:0:0:0:0:0:0:1 - - [17/Apr/2023:17:35:09 +0900] "GET /clientweb/js_dom/js_check_dom_test.html HTTP/1.1" 200 2006
0:0:0:0:0:0:0:1 - - [17/Apr/2023:17:35:13 +0900] "GET /clientweb/js_dom/js_check_dom_test.html HTTP/1.1" 304 -
0:0:0:0:0:0:0:1 - - [17/Apr/2023:17:35:16 +0900] "GET /clientweb/js_dom/js_check_dom_test.html HTTP/1.1" 200 1986
0:0:0:0:0:0:0:1 - - [17/Apr/2023:17:36:10 +0900] "GET /clientweb/js_dom/js_check_dom_test.html HTTP/1.1" 200 2073
0:0:0:0:0:0:0:1 - - [17/Apr/2023:17:36:13 +0900] "GET /clientweb/js_dom/js_check_dom_test.html HTTP/1.1" 304 -
0:0:0:0:0:0:0:1 - - [17/Apr/2023:17:36:22 +0900] "GET /clientweb/js_dom/js_check_dom_test.html HTTP/1.1" 200 2066
0:0:0:0:0:0:0:1 - - [17/Apr/2023:17:36:25 +0900] "GET /clientweb/js_dom/js_check_dom_test.html HTTP/1.1" 304 -
0:0:0:0:0:0:0:1 - - [17/Apr/2023:17:36:27 +0900] "GET /clientweb/js_dom/js_check_dom_test.html HTTP/1.1" 200 2068
