127.0.0.1 - - [06/Apr/2023:10:08:04 +0900] "GET / HTTP/1.1" 404 807
172.30.1.60 - - [06/Apr/2023:10:08:17 +0900] "GET /clientweb/css/css_basic_test.html HTTP/1.1" 404 848
172.30.1.60 - - [06/Apr/2023:10:08:26 +0900] "GET /clientweb/css/css_basic_test1.html HTTP/1.1" 200 581
172.30.1.60 - - [06/Apr/2023:10:09:00 +0900] "GET /clientweb/css/css_basic_test1.html HTTP/1.1" 200 636
172.30.1.60 - - [06/Apr/2023:10:12:12 +0900] "GET /clientweb/css/css_basic_test1.html HTTP/1.1" 200 746
172.30.1.60 - - [06/Apr/2023:10:13:13 +0900] "GET /clientweb/css/css_basic_test1.html HTTP/1.1" 304 -
172.30.1.60 - - [06/Apr/2023:10:13:15 +0900] "GET /clientweb/css/css_basic_test1.html HTTP/1.1" 304 -
172.30.1.60 - - [06/Apr/2023:10:13:16 +0900] "GET /clientweb/css/css_basic_test1.html HTTP/1.1" 304 -
172.30.1.60 - - [06/Apr/2023:10:13:17 +0900] "GET /clientweb/css/css_basic_test1.html HTTP/1.1" 304 -
172.30.1.60 - - [06/Apr/2023:10:13:18 +0900] "GET /clientweb/css/css_basic_test1.html HTTP/1.1" 200 731
172.30.1.60 - - [06/Apr/2023:10:13:19 +0900] "GET /clientweb/css/css_basic_test1.html HTTP/1.1" 304 -
127.0.0.1 - - [06/Apr/2023:10:13:23 +0900] "GET / HTTP/1.1" 404 807
172.30.1.60 - - [06/Apr/2023:10:13:24 +0900] "GET /clientweb/css/css_basic_test1.html HTTP/1.1" 304 -
172.30.1.60 - - [06/Apr/2023:10:13:24 +0900] "GET /clientweb/css/css_basic_test1.html HTTP/1.1" 304 -
127.0.0.1 - - [06/Apr/2023:10:30:31 +0900] "GET / HTTP/1.1" 404 807
172.30.1.60 - - [06/Apr/2023:10:30:32 +0900] "GET /clientweb/css/css_basic_test1.html HTTP/1.1" 200 928
172.30.1.60 - - [06/Apr/2023:10:30:32 +0900] "GET /clientweb/common/css/mystyle.css HTTP/1.1" 200 82
127.0.0.1 - - [06/Apr/2023:10:35:37 +0900] "GET / HTTP/1.1" 404 807
172.30.1.60 - - [06/Apr/2023:10:35:37 +0900] "GET /clientweb/css/css_basic_test1.html HTTP/1.1" 200 959
172.30.1.60 - - [06/Apr/2023:10:35:37 +0900] "GET /clientweb/common/css/mystyle.css HTTP/1.1" 304 -
172.30.1.60 - - [06/Apr/2023:10:35:38 +0900] "GET /clientweb/css/css_basic_test1.html HTTP/1.1" 304 -
127.0.0.1 - - [06/Apr/2023:10:36:07 +0900] "GET / HTTP/1.1" 404 807
172.30.1.60 - - [06/Apr/2023:10:36:07 +0900] "GET /clientweb/css/css_basic_test1.html HTTP/1.1" 200 1012
172.30.1.60 - - [06/Apr/2023:10:36:13 +0900] "GET /clientweb/css/css_basic_test1.html HTTP/1.1" 304 -
172.30.1.60 - - [06/Apr/2023:10:36:20 +0900] "GET /clientweb/css/css_basic_test1.html HTTP/1.1" 304 -
172.30.1.60 - - [06/Apr/2023:10:36:22 +0900] "GET /clientweb/css/css_basic_test1.html HTTP/1.1" 304 -
172.30.1.60 - - [06/Apr/2023:10:36:24 +0900] "GET /clientweb/css/css_basic_test1.html HTTP/1.1" 304 -
172.30.1.60 - - [06/Apr/2023:10:36:24 +0900] "GET /clientweb/common/css/mystyle.css HTTP/1.1" 304 -
127.0.0.1 - - [06/Apr/2023:10:37:00 +0900] "GET / HTTP/1.1" 404 807
172.30.1.60 - - [06/Apr/2023:10:37:02 +0900] "GET /clientweb/css/css_basic_test1.html HTTP/1.1" 200 1013
172.30.1.60 - - [06/Apr/2023:10:37:03 +0900] "GET /clientweb/css/css_basic_test1.html HTTP/1.1" 304 -
127.0.0.1 - - [06/Apr/2023:10:37:17 +0900] "GET / HTTP/1.1" 404 807
172.30.1.60 - - [06/Apr/2023:10:37:18 +0900] "GET /clientweb/css/css_basic_test1.html HTTP/1.1" 200 1031
172.30.1.60 - - [06/Apr/2023:10:37:18 +0900] "GET /clientweb/common/css/mystyle.css HTTP/1.1" 304 -
172.30.1.60 - - [06/Apr/2023:10:37:18 +0900] "GET /clientweb/css/css_basic_test1.html HTTP/1.1" 304 -
172.30.1.60 - - [06/Apr/2023:10:38:31 +0900] "GET /clientweb/html/blockTest.html HTTP/1.1" 200 3958
172.30.1.60 - - [06/Apr/2023:10:38:31 +0900] "GET /clientweb/images/html5logo.png HTTP/1.1" 304 -
172.30.1.60 - - [06/Apr/2023:10:38:58 +0900] "GET /clientweb/css/css_basic_test2.html HTTP/1.1" 200 3958
127.0.0.1 - - [06/Apr/2023:10:41:25 +0900] "GET / HTTP/1.1" 404 807
127.0.0.1 - - [06/Apr/2023:10:43:02 +0900] "GET / HTTP/1.1" 404 807
172.30.1.60 - - [06/Apr/2023:10:43:04 +0900] "GET /clientweb/css/css_basic_test2.html HTTP/1.1" 200 4197
172.30.1.60 - - [06/Apr/2023:10:43:05 +0900] "GET /clientweb/css/css_basic_test2.html HTTP/1.1" 304 -
127.0.0.1 - - [06/Apr/2023:11:05:09 +0900] "GET / HTTP/1.1" 404 807
172.30.1.60 - - [06/Apr/2023:11:05:16 +0900] "GET /clientweb/css/css_basic_exam1.html HTTP/1.1" 200 654
172.30.1.60 - - [06/Apr/2023:11:05:16 +0900] "GET /clientweb/common/css/cssexam.css HTTP/1.1" 200 59
127.0.0.1 - - [06/Apr/2023:11:41:06 +0900] "GET / HTTP/1.1" 404 807
172.30.1.60 - - [06/Apr/2023:11:41:24 +0900] "GET /clientweb/html/css_selector_test1.html HTTP/1.1" 404 853
172.30.1.60 - - [06/Apr/2023:11:41:32 +0900] "GET /clientweb/css/css_selector_test1.html HTTP/1.1" 200 367
172.30.1.60 - - [06/Apr/2023:11:43:49 +0900] "GET /clientweb/css/css_selector_test1.html HTTP/1.1" 200 402
127.0.0.1 - - [06/Apr/2023:11:46:44 +0900] "GET / HTTP/1.1" 404 807
172.30.1.60 - - [06/Apr/2023:11:46:44 +0900] "GET /clientweb/css/css_selector_test1.html HTTP/1.1" 200 484
172.30.1.60 - - [06/Apr/2023:11:46:45 +0900] "GET /clientweb/css/css_selector_test1.html HTTP/1.1" 304 -
127.0.0.1 - - [06/Apr/2023:13:10:38 +0900] "GET / HTTP/1.1" 404 807
172.30.1.60 - - [06/Apr/2023:13:10:54 +0900] "GET /clientweb/css/css_selector_test1.html HTTP/1.1" 200 564
127.0.0.1 - - [06/Apr/2023:13:11:16 +0900] "GET / HTTP/1.1" 404 807
172.30.1.60 - - [06/Apr/2023:13:11:17 +0900] "GET /clientweb/css/css_selector_test1.html HTTP/1.1" 200 575
127.0.0.1 - - [06/Apr/2023:13:16:43 +0900] "GET / HTTP/1.1" 404 807
172.30.1.60 - - [06/Apr/2023:13:16:43 +0900] "GET /clientweb/css/css_selector_test1.html HTTP/1.1" 200 691
127.0.0.1 - - [06/Apr/2023:13:45:45 +0900] "GET / HTTP/1.1" 404 807
172.30.1.60 - - [06/Apr/2023:13:45:46 +0900] "GET /clientweb/css/css_selector_test1.html HTTP/1.1" 200 961
172.30.1.60 - - [06/Apr/2023:13:45:46 +0900] "GET /clientweb/css/css_selector_test1.html HTTP/1.1" 304 -
172.30.1.60 - - [06/Apr/2023:13:46:05 +0900] "GET /clientweb/css/css_selector_test1.html HTTP/1.1" 304 -
172.30.1.60 - - [06/Apr/2023:13:46:06 +0900] "GET /clientweb/css/css_selector_test1.html HTTP/1.1" 304 -
172.30.1.60 - - [06/Apr/2023:13:46:11 +0900] "GET /clientweb/css/css_selector_test1.html HTTP/1.1" 200 963
127.0.0.1 - - [06/Apr/2023:13:46:11 +0900] "GET / HTTP/1.1" 404 807
172.30.1.60 - - [06/Apr/2023:13:46:11 +0900] "GET /clientweb/css/css_selector_test1.html HTTP/1.1" 304 -
172.30.1.60 - - [06/Apr/2023:13:46:25 +0900] "GET /clientweb/css/css_selector_test1.html HTTP/1.1" 304 -
172.30.1.60 - - [06/Apr/2023:13:46:27 +0900] "GET /clientweb/css/css_selector_test1.h/tml HTTP/1.1" 404 857
172.30.1.60 - - [06/Apr/2023:13:46:30 +0900] "GET /clientweb/css/css_selector_test1./tml HTTP/1.1" 404 856
172.30.1.60 - - [06/Apr/2023:13:46:34 +0900] "GET /clientweb/css/css_selector_test1.html HTTP/1.1" 200 989
127.0.0.1 - - [06/Apr/2023:13:49:35 +0900] "GET / HTTP/1.1" 404 807
172.30.1.60 - - [06/Apr/2023:13:49:35 +0900] "GET /clientweb/css/css_selector_test1.html HTTP/1.1" 200 1023
172.30.1.60 - - [06/Apr/2023:13:49:36 +0900] "GET /clientweb/css/css_selector_test1.html HTTP/1.1" 304 -
127.0.0.1 - - [06/Apr/2023:13:50:39 +0900] "GET / HTTP/1.1" 404 807
172.30.1.60 - - [06/Apr/2023:13:50:40 +0900] "GET /clientweb/css/css_selector_test1.html HTTP/1.1" 200 1023
172.30.1.60 - - [06/Apr/2023:13:50:40 +0900] "GET /clientweb/css/css_selector_test1.html HTTP/1.1" 304 -
172.30.1.60 - - [06/Apr/2023:13:50:50 +0900] "GET /clientweb/css/css_selector_test1.html HTTP/1.1" 304 -
172.30.1.60 - - [06/Apr/2023:13:50:51 +0900] "GET /clientweb/css/css_selector_test1.html HTTP/1.1" 304 -
172.30.1.60 - - [06/Apr/2023:13:50:52 +0900] "GET /clientweb/css/css_selector_test1.html HTTP/1.1" 304 -
172.30.1.60 - - [06/Apr/2023:13:50:53 +0900] "GET /clientweb/css/css_selector_test1.html HTTP/1.1" 304 -
172.30.1.60 - - [06/Apr/2023:13:50:53 +0900] "GET /clientweb/css/css_selector_test1.html HTTP/1.1" 304 -
172.30.1.60 - - [06/Apr/2023:13:50:56 +0900] "GET /clientweb/css/css_selector_test1.html HTTP/1.1" 200 1023
172.30.1.60 - - [06/Apr/2023:13:50:56 +0900] "GET /clientweb/css/css_selector_test1.html HTTP/1.1" 304 -
172.30.1.60 - - [06/Apr/2023:13:50:57 +0900] "GET /clientweb/css/css_selector_test1.html HTTP/1.1" 304 -
127.0.0.1 - - [06/Apr/2023:13:50:57 +0900] "GET / HTTP/1.1" 404 807
127.0.0.1 - - [06/Apr/2023:14:14:17 +0900] "GET / HTTP/1.1" 404 807
172.30.1.60 - - [06/Apr/2023:14:14:19 +0900] "GET /clientweb/css/css_selector_test2.html HTTP/1.1" 404 852
172.30.1.60 - - [06/Apr/2023:14:14:20 +0900] "GET /clientweb/css/css_selector_test2.html HTTP/1.1" 404 852
172.30.1.60 - - [06/Apr/2023:14:14:28 +0900] "GET /clientweb/css/css_selector_test2.html HTTP/1.1" 404 852
172.30.1.60 - - [06/Apr/2023:14:14:28 +0900] "GET /clientweb/css/css_selector_test2.html HTTP/1.1" 404 852
127.0.0.1 - - [06/Apr/2023:14:14:33 +0900] "GET / HTTP/1.1" 404 807
172.30.1.60 - - [06/Apr/2023:14:14:42 +0900] "GET /clientweb/css/css_selector_test2.html HTTP/1.1" 200 469
127.0.0.1 - - [06/Apr/2023:14:14:42 +0900] "GET / HTTP/1.1" 404 807
172.30.1.60 - - [06/Apr/2023:14:14:59 +0900] "GET /clientweb/css/css_selector_test2.html HTTP/1.1" 200 478
172.30.1.60 - - [06/Apr/2023:14:20:02 +0900] "GET /clientweb/css/css_hyperA_test.html HTTP/1.1" 200 397
172.30.1.60 - - [06/Apr/2023:14:20:24 +0900] "GET /clientweb/css/css_hyperA_test.html HTTP/1.1" 200 471
127.0.0.1 - - [06/Apr/2023:14:25:39 +0900] "GET / HTTP/1.1" 404 807
172.30.1.60 - - [06/Apr/2023:14:25:42 +0900] "GET /clientweb/css/css_hyperA_test.html HTTP/1.1" 200 601
172.30.1.60 - - [06/Apr/2023:14:25:43 +0900] "GET /clientweb/css/css_hyperA_test.html HTTP/1.1" 304 -
127.0.0.1 - - [06/Apr/2023:14:38:26 +0900] "GET / HTTP/1.1" 404 807
172.30.1.60 - - [06/Apr/2023:14:38:42 +0900] "GET /clientweb/css/css_selector_exam.html HTTP/1.1" 200 721
172.30.1.60 - - [06/Apr/2023:14:38:53 +0900] "GET /clientweb/css/css_selector_exam.html HTTP/1.1" 304 -
127.0.0.1 - - [06/Apr/2023:14:38:53 +0900] "GET / HTTP/1.1" 404 807
127.0.0.1 - - [06/Apr/2023:14:39:50 +0900] "GET / HTTP/1.1" 404 807
172.30.1.60 - - [06/Apr/2023:14:39:51 +0900] "GET /clientweb/css/css_selector_exam.html HTTP/1.1" 200 736
127.0.0.1 - - [06/Apr/2023:14:40:18 +0900] "GET / HTTP/1.1" 404 807
172.30.1.60 - - [06/Apr/2023:14:40:19 +0900] "GET /clientweb/css/css_selector_exam.html HTTP/1.1" 200 719
172.30.1.60 - - [06/Apr/2023:15:09:08 +0900] "GET /clientweb/css/css_selector_exam.html HTTP/1.1" 200 739
127.0.0.1 - - [06/Apr/2023:15:09:08 +0900] "GET / HTTP/1.1" 404 807
127.0.0.1 - - [06/Apr/2023:15:15:55 +0900] "GET / HTTP/1.1" 404 807
172.30.1.60 - - [06/Apr/2023:15:16:01 +0900] "GET /clientweb/css/css_texttest.html HTTP/1.1" 200 2832
172.30.1.60 - - [06/Apr/2023:15:16:01 +0900] "GET /clientweb/images/jang1.jpg HTTP/1.1" 200 149725
127.0.0.1 - - [06/Apr/2023:15:19:16 +0900] "GET / HTTP/1.1" 404 807
172.30.1.60 - - [06/Apr/2023:15:19:18 +0900] "GET /clientweb/css/css_texttest.html HTTP/1.1" 200 3010
172.30.1.60 - - [06/Apr/2023:15:19:18 +0900] "GET /clientweb/images/background.gif HTTP/1.1" 200 706
127.0.0.1 - - [06/Apr/2023:15:20:00 +0900] "GET / HTTP/1.1" 404 807
172.30.1.60 - - [06/Apr/2023:15:20:01 +0900] "GET /clientweb/css/css_texttest.html HTTP/1.1" 200 3043
172.30.1.60 - - [06/Apr/2023:15:20:01 +0900] "GET /clientweb/images/background.gif HTTP/1.1" 304 -
172.30.1.60 - - [06/Apr/2023:15:20:29 +0900] "GET /clientweb/css/css_texttest.html HTTP/1.1" 200 3048
127.0.0.1 - - [06/Apr/2023:15:20:53 +0900] "GET / HTTP/1.1" 404 807
172.30.1.60 - - [06/Apr/2023:15:20:54 +0900] "GET /clientweb/css/css_texttest.html HTTP/1.1" 200 3049
172.30.1.60 - - [06/Apr/2023:15:20:54 +0900] "GET /clientweb/images/background.gif HTTP/1.1" 304 -
127.0.0.1 - - [06/Apr/2023:15:22:22 +0900] "GET / HTTP/1.1" 404 807
172.30.1.60 - - [06/Apr/2023:15:22:22 +0900] "GET /clientweb/css/css_texttest.html HTTP/1.1" 200 3120
172.30.1.60 - - [06/Apr/2023:15:22:22 +0900] "GET /clientweb/images/background.gif HTTP/1.1" 304 -
127.0.0.1 - - [06/Apr/2023:15:25:18 +0900] "GET / HTTP/1.1" 404 807
172.30.1.60 - - [06/Apr/2023:15:25:18 +0900] "GET /clientweb/css/css_texttest.html HTTP/1.1" 200 3250
172.30.1.60 - - [06/Apr/2023:15:25:18 +0900] "GET /clientweb/images/background.gif HTTP/1.1" 304 -
172.30.1.60 - - [06/Apr/2023:15:25:19 +0900] "GET /clientweb/css/css_texttest.html HTTP/1.1" 304 -
127.0.0.1 - - [06/Apr/2023:15:28:17 +0900] "GET / HTTP/1.1" 404 807
172.30.1.60 - - [06/Apr/2023:15:28:25 +0900] "GET /clientweb/css/css_table_test.html HTTP/1.1" 200 356
127.0.0.1 - - [06/Apr/2023:15:30:20 +0900] "GET / HTTP/1.1" 404 807
172.30.1.60 - - [06/Apr/2023:15:30:20 +0900] "GET /clientweb/css/css_table_test.html HTTP/1.1" 200 489
172.30.1.60 - - [06/Apr/2023:15:30:39 +0900] "GET /clientweb/css/css_table_test.html HTTP/1.1" 200 502
172.30.1.60 - - [06/Apr/2023:15:30:40 +0900] "GET /clientweb/css/css_table_test.html HTTP/1.1" 304 -
172.30.1.60 - - [06/Apr/2023:15:30:40 +0900] "GET /clientweb/css/css_table_test.html HTTP/1.1" 304 -
172.30.1.60 - - [06/Apr/2023:15:30:41 +0900] "GET /clientweb/css/css_table_test.html HTTP/1.1" 304 -
172.30.1.60 - - [06/Apr/2023:15:30:42 +0900] "GET /clientweb/css/css_table_test.html HTTP/1.1" 304 -
172.30.1.60 - - [06/Apr/2023:15:30:46 +0900] "GET /clientweb/css/css_table_test.html HTTP/1.1" 304 -
127.0.0.1 - - [06/Apr/2023:15:30:46 +0900] "GET / HTTP/1.1" 404 807
172.30.1.60 - - [06/Apr/2023:15:30:47 +0900] "GET /clientweb/css/css_table_test.html HTTP/1.1" 304 -
172.30.1.60 - - [06/Apr/2023:15:30:47 +0900] "GET /clientweb/css/css_table_test.html HTTP/1.1" 304 -
172.30.1.60 - - [06/Apr/2023:15:30:48 +0900] "GET /clientweb/css/css_table_test.html HTTP/1.1" 304 -
172.30.1.60 - - [06/Apr/2023:15:30:48 +0900] "GET /clientweb/css/css_table_test.html HTTP/1.1" 304 -
172.30.1.60 - - [06/Apr/2023:15:30:49 +0900] "GET /clientweb/css/css_table_test.html HTTP/1.1" 304 -
172.30.1.60 - - [06/Apr/2023:15:30:49 +0900] "GET /clientweb/css/css_table_test.html HTTP/1.1" 304 -
172.30.1.60 - - [06/Apr/2023:15:30:50 +0900] "GET /clientweb/css/css_table_test.html HTTP/1.1" 304 -
172.30.1.60 - - [06/Apr/2023:15:30:50 +0900] "GET /clientweb/css/css_table_test.html HTTP/1.1" 304 -
172.30.1.60 - - [06/Apr/2023:15:30:51 +0900] "GET /clientweb/css/css_table_test.html HTTP/1.1" 304 -
172.30.1.60 - - [06/Apr/2023:15:30:51 +0900] "GET /clientweb/css/css_table_test.html HTTP/1.1" 304 -
172.30.1.60 - - [06/Apr/2023:15:30:52 +0900] "GET /clientweb/css/css_table_test.html HTTP/1.1" 304 -
172.30.1.60 - - [06/Apr/2023:15:30:52 +0900] "GET /clientweb/css/css_table_test.html HTTP/1.1" 304 -
172.30.1.60 - - [06/Apr/2023:15:31:08 +0900] "GET /clientweb/css/css_table_test.html HTTP/1.1" 200 507
172.30.1.60 - - [06/Apr/2023:15:31:08 +0900] "GET /clientweb/css/css_table_test.html HTTP/1.1" 304 -
172.30.1.60 - - [06/Apr/2023:15:31:09 +0900] "GET /clientweb/css/css_table_test.html HTTP/1.1" 304 -
127.0.0.1 - - [06/Apr/2023:15:31:09 +0900] "GET / HTTP/1.1" 404 807
172.30.1.60 - - [06/Apr/2023:15:31:09 +0900] "GET /clientweb/css/css_table_test.html HTTP/1.1" 304 -
172.30.1.60 - - [06/Apr/2023:15:31:10 +0900] "GET /clientweb/css/css_table_test.html HTTP/1.1" 304 -
172.30.1.60 - - [06/Apr/2023:15:31:10 +0900] "GET /clientweb/css/css_table_test.html HTTP/1.1" 304 -
172.30.1.60 - - [06/Apr/2023:15:31:11 +0900] "GET /clientweb/css/css_table_test.html HTTP/1.1" 304 -
172.30.1.60 - - [06/Apr/2023:15:31:11 +0900] "GET /clientweb/css/css_table_test.html HTTP/1.1" 304 -
172.30.1.60 - - [06/Apr/2023:15:31:20 +0900] "GET /clientweb/css/css_table_test.html HTTP/1.1" 200 538
172.30.1.60 - - [06/Apr/2023:15:31:28 +0900] "GET /clientweb/css/css_table_test.html HTTP/1.1" 304 -
127.0.0.1 - - [06/Apr/2023:15:31:28 +0900] "GET / HTTP/1.1" 404 807
172.30.1.60 - - [06/Apr/2023:15:31:28 +0900] "GET /clientweb/css/css_table_test.html HTTP/1.1" 304 -
172.30.1.60 - - [06/Apr/2023:15:31:29 +0900] "GET /clientweb/css/css_table_test.html HTTP/1.1" 304 -
172.30.1.60 - - [06/Apr/2023:15:31:34 +0900] "GET /clientweb/css/css_selector_test1.html HTTP/1.1" 304 -
172.30.1.60 - - [06/Apr/2023:15:31:38 +0900] "GET /clientweb/css/css_table_test.html HTTP/1.1" 200 539
172.30.1.60 - - [06/Apr/2023:15:31:48 +0900] "GET /clientweb/css/css_table_test.html HTTP/1.1" 304 -
127.0.0.1 - - [06/Apr/2023:15:31:52 +0900] "GET / HTTP/1.1" 404 807
172.30.1.60 - - [06/Apr/2023:15:31:53 +0900] "GET /clientweb/css/css_table_test.html HTTP/1.1" 200 539
172.30.1.60 - - [06/Apr/2023:15:31:54 +0900] "GET /clientweb/css/css_table_test.html HTTP/1.1" 304 -
172.30.1.60 - - [06/Apr/2023:15:31:58 +0900] "GET /clientweb/css/css_table_test.html HTTP/1.1" 200 539
127.0.0.1 - - [06/Apr/2023:15:32:43 +0900] "GET / HTTP/1.1" 404 807
172.30.1.60 - - [06/Apr/2023:15:32:43 +0900] "GET /clientweb/css/css_table_test.html HTTP/1.1" 200 572
172.30.1.60 - - [06/Apr/2023:15:32:44 +0900] "GET /clientweb/css/css_table_test.html HTTP/1.1" 304 -
0:0:0:0:0:0:0:1 - - [06/Apr/2023:15:32:54 +0900] "GET /clientweb/css/css_table_exam.html HTTP/1.1" 200 2138
0:0:0:0:0:0:0:1 - - [06/Apr/2023:15:32:55 +0900] "GET /favicon.ico HTTP/1.1" 404 818
127.0.0.1 - - [06/Apr/2023:15:35:34 +0900] "GET / HTTP/1.1" 404 807
172.30.1.60 - - [06/Apr/2023:15:35:47 +0900] "GET /clientweb/css/css_table_exam.html HTTP/1.1" 200 2138
172.30.1.60 - - [06/Apr/2023:15:36:39 +0900] "GET /clientweb/css/css_table_exam.html HTTP/1.1" 200 2213
172.30.1.60 - - [06/Apr/2023:15:36:39 +0900] "GET /clientweb/css/css_table_exam.html HTTP/1.1" 304 -
127.0.0.1 - - [06/Apr/2023:15:36:39 +0900] "GET / HTTP/1.1" 404 807
127.0.0.1 - - [06/Apr/2023:15:38:15 +0900] "GET / HTTP/1.1" 404 807
172.30.1.60 - - [06/Apr/2023:15:38:16 +0900] "GET /clientweb/css/css_table_exam.html HTTP/1.1" 200 2253
172.30.1.60 - - [06/Apr/2023:15:38:28 +0900] "GET /clientweb/css/css_table_exam.html HTTP/1.1" 304 -
127.0.0.1 - - [06/Apr/2023:15:38:34 +0900] "GET / HTTP/1.1" 404 807
172.30.1.60 - - [06/Apr/2023:15:38:34 +0900] "GET /clientweb/css/css_table_exam.html HTTP/1.1" 200 2271
172.30.1.60 - - [06/Apr/2023:15:38:48 +0900] "GET /clientweb/css/css_table_exam.html HTTP/1.1" 304 -
172.30.1.60 - - [06/Apr/2023:15:38:52 +0900] "GET /clientweb/css/css_table_exam.html HTTP/1.1" 200 2288
127.0.0.1 - - [06/Apr/2023:15:38:52 +0900] "GET / HTTP/1.1" 404 807
172.30.1.60 - - [06/Apr/2023:15:38:53 +0900] "GET /clientweb/css/css_table_exam.html HTTP/1.1" 304 -
127.0.0.1 - - [06/Apr/2023:15:39:07 +0900] "GET / HTTP/1.1" 404 807
172.30.1.60 - - [06/Apr/2023:15:39:09 +0900] "GET /clientweb/css/css_table_exam.html HTTP/1.1" 200 2288
127.0.0.1 - - [06/Apr/2023:15:39:18 +0900] "GET / HTTP/1.1" 404 807
172.30.1.60 - - [06/Apr/2023:15:39:19 +0900] "GET /clientweb/css/css_table_exam.html HTTP/1.1" 200 2288
172.30.1.60 - - [06/Apr/2023:15:39:20 +0900] "GET /clientweb/css/css_table_exam.html HTTP/1.1" 304 -
127.0.0.1 - - [06/Apr/2023:15:42:04 +0900] "GET / HTTP/1.1" 404 807
172.30.1.60 - - [06/Apr/2023:15:42:05 +0900] "GET /clientweb/css/css_table_exam.html HTTP/1.1" 200 2398
172.30.1.60 - - [06/Apr/2023:15:42:06 +0900] "GET /clientweb/css/css_table_exam.html HTTP/1.1" 304 -
127.0.0.1 - - [06/Apr/2023:15:42:10 +0900] "GET / HTTP/1.1" 404 807
172.30.1.60 - - [06/Apr/2023:15:42:12 +0900] "GET /clientweb/css/css_table_exam.html HTTP/1.1" 304 -
172.30.1.60 - - [06/Apr/2023:15:42:13 +0900] "GET /clientweb/css/css_table_exam.html HTTP/1.1" 304 -
172.30.1.60 - - [06/Apr/2023:15:43:27 +0900] "GET /clientweb/css/css_table_exam.html HTTP/1.1" 304 -
127.0.0.1 - - [06/Apr/2023:15:43:27 +0900] "GET / HTTP/1.1" 404 807
172.30.1.60 - - [06/Apr/2023:15:43:28 +0900] "GET /clientweb/css/css_table_exam.html HTTP/1.1" 304 -
172.30.1.60 - - [06/Apr/2023:15:43:29 +0900] "GET /clientweb/css/css_table_exam.html HTTP/1.1" 304 -
172.30.1.60 - - [06/Apr/2023:15:43:29 +0900] "GET /clientweb/css/css_table_exam.html HTTP/1.1" 304 -
172.30.1.60 - - [06/Apr/2023:15:43:30 +0900] "GET /clientweb/css/css_table_exam.html HTTP/1.1" 304 -
172.30.1.60 - - [06/Apr/2023:15:43:37 +0900] "GET /clientweb/css/css_table_exam.html HTTP/1.1" 200 2413
172.30.1.60 - - [06/Apr/2023:15:44:55 +0900] "GET /clientweb/css/css_table_exam.html HTTP/1.1" 200 2398
172.30.1.60 - - [06/Apr/2023:15:45:51 +0900] "GET /clientweb/css/css_table_exam.html HTTP/1.1" 200 2402
127.0.0.1 - - [06/Apr/2023:15:45:52 +0900] "GET / HTTP/1.1" 404 807
172.30.1.60 - - [06/Apr/2023:15:45:54 +0900] "GET /clientweb/css/css_table_exam.html HTTP/1.1" 304 -
172.30.1.60 - - [06/Apr/2023:15:45:55 +0900] "GET /clientweb/css/css_table_exam.html HTTP/1.1" 304 -
172.30.1.60 - - [06/Apr/2023:15:45:56 +0900] "GET /clientweb/css/css_table_exam.html HTTP/1.1" 304 -
127.0.0.1 - - [06/Apr/2023:15:46:03 +0900] "GET / HTTP/1.1" 404 807
172.30.1.60 - - [06/Apr/2023:15:46:03 +0900] "GET /clientweb/css/css_table_exam.html HTTP/1.1" 200 2342
172.30.1.60 - - [06/Apr/2023:15:46:04 +0900] "GET /clientweb/css/css_table_exam.html HTTP/1.1" 304 -
172.30.1.60 - - [06/Apr/2023:15:46:13 +0900] "GET /clientweb/css/css_table_exam.html HTTP/1.1" 200 2342
127.0.0.1 - - [06/Apr/2023:15:46:13 +0900] "GET / HTTP/1.1" 404 807
172.30.1.60 - - [06/Apr/2023:15:46:14 +0900] "GET /clientweb/css/css_table_exam.html HTTP/1.1" 304 -
172.30.1.60 - - [06/Apr/2023:15:46:14 +0900] "GET /clientweb/css/css_table_exam.html HTTP/1.1" 304 -
172.30.1.60 - - [06/Apr/2023:15:46:35 +0900] "GET /clientweb/css/css_table_exam.html HTTP/1.1" 200 2342
172.30.1.60 - - [06/Apr/2023:15:46:36 +0900] "GET /clientweb/css/css_table_exam.html HTTP/1.1" 304 -
127.0.0.1 - - [06/Apr/2023:15:46:40 +0900] "GET / HTTP/1.1" 404 807
172.30.1.60 - - [06/Apr/2023:15:46:40 +0900] "GET /clientweb/css/css_table_exam.html HTTP/1.1" 304 -
172.30.1.60 - - [06/Apr/2023:15:46:41 +0900] "GET /clientweb/css/css_table_exam.html HTTP/1.1" 304 -
172.30.1.60 - - [06/Apr/2023:15:47:09 +0900] "GET /clientweb/css/css_table_exam.html HTTP/1.1" 304 -
172.30.1.60 - - [06/Apr/2023:15:47:09 +0900] "GET /clientweb/css/css_table_exam.html HTTP/1.1" 304 -
172.30.1.60 - - [06/Apr/2023:15:47:10 +0900] "GET /clientweb/css/css_table_exam.html HTTP/1.1" 304 -
172.30.1.60 - - [06/Apr/2023:15:47:11 +0900] "GET /clientweb/css/css_table_exam.html HTTP/1.1" 304 -
172.30.1.60 - - [06/Apr/2023:15:47:11 +0900] "GET /clientweb/css/css_table_exam.html HTTP/1.1" 304 -
127.0.0.1 - - [06/Apr/2023:15:47:15 +0900] "GET / HTTP/1.1" 404 807
172.30.1.60 - - [06/Apr/2023:15:47:16 +0900] "GET /clientweb/css/css_table_exam.html HTTP/1.1" 200 2350
172.30.1.60 - - [06/Apr/2023:15:47:16 +0900] "GET /clientweb/css/css_table_exam.html HTTP/1.1" 304 -
172.30.1.60 - - [06/Apr/2023:15:47:17 +0900] "GET /clientweb/css/css_table_exam.html HTTP/1.1" 304 -
172.30.1.60 - - [06/Apr/2023:15:47:17 +0900] "GET /clientweb/css/css_table_exam.html HTTP/1.1" 304 -
172.30.1.60 - - [06/Apr/2023:15:47:35 +0900] "GET /clientweb/css/css_table_exam.html HTTP/1.1" 200 2380
127.0.0.1 - - [06/Apr/2023:15:47:35 +0900] "GET / HTTP/1.1" 404 807
172.30.1.60 - - [06/Apr/2023:15:47:35 +0900] "GET /clientweb/css/css_table_exam.html HTTP/1.1" 304 -
172.30.1.60 - - [06/Apr/2023:15:47:36 +0900] "GET /clientweb/css/css_table_exam.html HTTP/1.1" 304 -
172.30.1.60 - - [06/Apr/2023:15:47:46 +0900] "GET /clientweb/css/css_table_exam.html HTTP/1.1" 200 2406
172.30.1.60 - - [06/Apr/2023:15:48:33 +0900] "GET /clientweb/css/css_table_exam.html HTTP/1.1" 200 2482
172.30.1.60 - - [06/Apr/2023:15:52:47 +0900] "GET /clientweb/css/css_table_exam.html HTTP/1.1" 200 3101
172.30.1.60 - - [06/Apr/2023:15:52:48 +0900] "GET /clientweb/css/css_table_exam.html HTTP/1.1" 304 -
172.30.1.60 - - [06/Apr/2023:15:53:23 +0900] "GET /clientweb/css/css_table_exam.html HTTP/1.1" 200 3156
172.30.1.60 - - [06/Apr/2023:15:53:24 +0900] "GET /clientweb/css/css_table_exam.html HTTP/1.1" 304 -
172.30.1.60 - - [06/Apr/2023:15:53:24 +0900] "GET /clientweb/css/css_table_exam.html HTTP/1.1" 304 -
172.30.1.60 - - [06/Apr/2023:15:53:25 +0900] "GET /clientweb/css/css_table_exam.html HTTP/1.1" 304 -
127.0.0.1 - - [06/Apr/2023:15:53:29 +0900] "GET / HTTP/1.1" 404 807
172.30.1.60 - - [06/Apr/2023:15:53:30 +0900] "GET /clientweb/css/css_table_exam.html HTTP/1.1" 304 -
172.30.1.60 - - [06/Apr/2023:15:53:31 +0900] "GET /clientweb/css/css_table_exam.html HTTP/1.1" 304 -
172.30.1.60 - - [06/Apr/2023:15:53:32 +0900] "GET /clientweb/css/css_table_exam.html HTTP/1.1" 304 -
172.30.1.60 - - [06/Apr/2023:15:53:32 +0900] "GET /clientweb/css/css_table_exam.html HTTP/1.1" 304 -
0:0:0:0:0:0:0:1 - - [06/Apr/2023:15:54:06 +0900] "GET /clientweb/css/css_table_exam.html HTTP/1.1" 200 3156
172.30.1.60 - - [06/Apr/2023:15:54:08 +0900] "GET /clientweb/css/css_table_exam.html HTTP/1.1" 200 3156
127.0.0.1 - - [06/Apr/2023:15:56:05 +0900] "GET / HTTP/1.1" 404 807
172.30.1.60 - - [06/Apr/2023:15:56:06 +0900] "GET /clientweb/css/css_table_exam.html HTTP/1.1" 200 2493
172.30.1.60 - - [06/Apr/2023:15:56:07 +0900] "GET /clientweb/css/css_table_exam.html HTTP/1.1" 304 -
127.0.0.1 - - [06/Apr/2023:15:56:22 +0900] "GET / HTTP/1.1" 404 807
172.30.1.60 - - [06/Apr/2023:15:56:22 +0900] "GET /clientweb/css/css_table_exam.html HTTP/1.1" 200 2545
127.0.0.1 - - [06/Apr/2023:15:57:35 +0900] "GET / HTTP/1.1" 404 807
172.30.1.60 - - [06/Apr/2023:15:57:37 +0900] "GET /clientweb/css/css_table_exam.html HTTP/1.1" 200 2550
172.30.1.60 - - [06/Apr/2023:15:57:41 +0900] "GET /clientweb/css/css_table_exam.html HTTP/1.1" 304 -
172.30.1.60 - - [06/Apr/2023:15:57:47 +0900] "GET /clientweb/css/css_table_exam.html HTTP/1.1" 304 -
172.30.1.60 - - [06/Apr/2023:15:57:47 +0900] "GET /clientweb/css/css_table_exam.html HTTP/1.1" 304 -
127.0.0.1 - - [06/Apr/2023:15:57:51 +0900] "GET / HTTP/1.1" 404 807
172.30.1.60 - - [06/Apr/2023:15:57:51 +0900] "GET /clientweb/css/css_table_exam.html HTTP/1.1" 200 2510
172.30.1.60 - - [06/Apr/2023:15:57:52 +0900] "GET /clientweb/css/css_table_exam.html HTTP/1.1" 304 -
172.30.1.60 - - [06/Apr/2023:15:57:59 +0900] "GET /clientweb/css/css_table_exam.html HTTP/1.1" 200 2519
172.30.1.60 - - [06/Apr/2023:15:57:59 +0900] "GET /clientweb/css/css_table_exam.html HTTP/1.1" 304 -
127.0.0.1 - - [06/Apr/2023:15:57:59 +0900] "GET / HTTP/1.1" 404 807
172.30.1.60 - - [06/Apr/2023:15:58:05 +0900] "GET /clientweb/css/css_table_exam.html HTTP/1.1" 200 2550
127.0.0.1 - - [06/Apr/2023:15:58:05 +0900] "GET / HTTP/1.1" 404 807
172.30.1.60 - - [06/Apr/2023:15:58:05 +0900] "GET /clientweb/css/css_table_exam.html HTTP/1.1" 304 -
127.0.0.1 - - [06/Apr/2023:16:23:30 +0900] "GET / HTTP/1.1" 404 807
172.30.1.60 - - [06/Apr/2023:16:23:33 +0900] "GET /clientweb/css/css_table_exam.html HTTP/1.1" 200 5984
127.0.0.1 - - [06/Apr/2023:16:23:55 +0900] "GET / HTTP/1.1" 404 807
172.30.1.60 - - [06/Apr/2023:16:23:55 +0900] "GET /clientweb/css/css_table_exam.html HTTP/1.1" 200 5987
172.30.1.60 - - [06/Apr/2023:16:24:53 +0900] "GET /clientweb/css/css_table_exam.html HTTP/1.1" 200 2717
172.30.1.60 - - [06/Apr/2023:16:25:14 +0900] "GET /clientweb/css/css_table_exam.html HTTP/1.1" 200 2596
172.30.1.60 - - [06/Apr/2023:16:25:17 +0900] "GET /clientweb/css/css_table_exam.html HTTP/1.1" 304 -
127.0.0.1 - - [06/Apr/2023:16:25:21 +0900] "GET / HTTP/1.1" 404 807
172.30.1.60 - - [06/Apr/2023:16:25:41 +0900] "GET /clientweb/css/css_table_exam.html HTTP/1.1" 304 -
172.30.1.60 - - [06/Apr/2023:16:25:42 +0900] "GET /clientweb/css/css_table_exam.html HTTP/1.1" 304 -
127.0.0.1 - - [06/Apr/2023:16:46:59 +0900] "GET / HTTP/1.1" 404 807
172.30.1.60 - - [06/Apr/2023:16:47:08 +0900] "GET /clientweb/css/css_selector_test3.html HTTP/1.1" 200 351
127.0.0.1 - - [06/Apr/2023:16:47:33 +0900] "GET / HTTP/1.1" 404 807
172.30.1.60 - - [06/Apr/2023:16:47:34 +0900] "GET /clientweb/css/css_selector_test3.html HTTP/1.1" 200 351
172.30.1.60 - - [06/Apr/2023:16:47:35 +0900] "GET /clientweb/css/css_selector_test3.html HTTP/1.1" 304 -
127.0.0.1 - - [06/Apr/2023:16:48:11 +0900] "GET / HTTP/1.1" 404 807
172.30.1.60 - - [06/Apr/2023:16:48:11 +0900] "GET /clientweb/css/css_selector_test3.html HTTP/1.1" 200 352
172.30.1.60 - - [06/Apr/2023:16:48:33 +0900] "GET /clientweb/css/css_selector_test3.html HTTP/1.1" 200 352
172.30.1.60 - - [06/Apr/2023:16:48:34 +0900] "GET /clientweb/css/css_selector_test3.html HTTP/1.1" 304 -
172.30.1.60 - - [06/Apr/2023:16:48:35 +0900] "GET /clientweb/css/css_selector_test3.html HTTP/1.1" 304 -
0:0:0:0:0:0:0:1 - - [06/Apr/2023:17:09:00 +0900] "GET /clientweb/css/css_selectortest4.html HTTP/1.1" 200 3289
0:0:0:0:0:0:0:1 - - [06/Apr/2023:17:09:00 +0900] "GET /clientweb/images/daumlogo.png HTTP/1.1" 200 4923
0:0:0:0:0:0:0:1 - - [06/Apr/2023:17:09:00 +0900] "GET /favicon.ico HTTP/1.1" 404 818
0:0:0:0:0:0:0:1 - - [06/Apr/2023:17:11:24 +0900] "GET /clientweb/css/css_selectortest4.html HTTP/1.1" 200 3298
0:0:0:0:0:0:0:1 - - [06/Apr/2023:17:11:25 +0900] "GET /clientweb/css/css_selectortest4.html HTTP/1.1" 304 -
127.0.0.1 - - [06/Apr/2023:17:11:25 +0900] "GET / HTTP/1.1" 404 807
0:0:0:0:0:0:0:1 - - [06/Apr/2023:17:11:25 +0900] "GET /clientweb/css/css_selectortest4.html HTTP/1.1" 304 -
127.0.0.1 - - [06/Apr/2023:17:19:25 +0900] "GET / HTTP/1.1" 404 807
0:0:0:0:0:0:0:1 - - [06/Apr/2023:17:19:28 +0900] "GET /clientweb/css/cssexam.html HTTP/1.1" 200 406
0:0:0:0:0:0:0:1 - - [06/Apr/2023:17:19:46 +0900] "GET /clientweb/css/cssexam.html HTTP/1.1" 200 414
0:0:0:0:0:0:0:1 - - [06/Apr/2023:17:20:13 +0900] "GET /clientweb/css/cssexam.html HTTP/1.1" 304 -
0:0:0:0:0:0:0:1 - - [06/Apr/2023:17:20:14 +0900] "GET /clientweb/css/cssexam.html HTTP/1.1" 304 -
0:0:0:0:0:0:0:1 - - [06/Apr/2023:17:20:15 +0900] "GET /clientweb/css/cssexam.html HTTP/1.1" 304 -
0:0:0:0:0:0:0:1 - - [06/Apr/2023:17:20:16 +0900] "GET /clientweb/css/cssexam.html HTTP/1.1" 304 -
0:0:0:0:0:0:0:1 - - [06/Apr/2023:17:20:19 +0900] "GET /clientweb/css/cssexam.html HTTP/1.1" 200 458
127.0.0.1 - - [06/Apr/2023:17:20:19 +0900] "GET / HTTP/1.1" 404 807
0:0:0:0:0:0:0:1 - - [06/Apr/2023:17:20:19 +0900] "GET /clientweb/css/cssexam.html HTTP/1.1" 304 -
0:0:0:0:0:0:0:1 - - [06/Apr/2023:17:20:20 +0900] "GET /clientweb/css/cssexam.html HTTP/1.1" 304 -
0:0:0:0:0:0:0:1 - - [06/Apr/2023:17:20:21 +0900] "GET /clientweb/css/cssexam.html HTTP/1.1" 304 -
0:0:0:0:0:0:0:1 - - [06/Apr/2023:17:20:25 +0900] "GET /clientweb/css/cssexam.html HTTP/1.1" 304 -
0:0:0:0:0:0:0:1 - - [06/Apr/2023:17:20:26 +0900] "GET /clientweb/css/cssexam.html HTTP/1.1" 304 -
0:0:0:0:0:0:0:1 - - [06/Apr/2023:17:20:27 +0900] "GET /clientweb/css/cssexam.html HTTP/1.1" 304 -
127.0.0.1 - - [06/Apr/2023:17:20:30 +0900] "GET / HTTP/1.1" 404 807
0:0:0:0:0:0:0:1 - - [06/Apr/2023:17:20:32 +0900] "GET /clientweb/css/cssexam.html HTTP/1.1" 200 464
0:0:0:0:0:0:0:1 - - [06/Apr/2023:17:21:51 +0900] "GET /clientweb/css/cssexam.html HTTP/1.1" 200 522
127.0.0.1 - - [06/Apr/2023:17:21:55 +0900] "GET / HTTP/1.1" 404 807
0:0:0:0:0:0:0:1 - - [06/Apr/2023:17:21:56 +0900] "GET /clientweb/css/cssexam.html HTTP/1.1" 304 -
0:0:0:0:0:0:0:1 - - [06/Apr/2023:17:21:57 +0900] "GET /clientweb/css/cssexam.html HTTP/1.1" 304 -
0:0:0:0:0:0:0:1 - - [06/Apr/2023:17:24:38 +0900] "GET /clientweb/css/cssexam.html HTTP/1.1" 200 448
0:0:0:0:0:0:0:1 - - [06/Apr/2023:17:24:45 +0900] "GET /clientweb/css/cssexam.html HTTP/1.1" 304 -
0:0:0:0:0:0:0:1 - - [06/Apr/2023:17:24:46 +0900] "GET /clientweb/css/cssexam.html HTTP/1.1" 304 -
0:0:0:0:0:0:0:1 - - [06/Apr/2023:17:24:46 +0900] "GET /clientweb/css/cssexam.html HTTP/1.1" 304 -
0:0:0:0:0:0:0:1 - - [06/Apr/2023:17:24:50 +0900] "GET /clientweb/css/cssexam.html HTTP/1.1" 200 448
127.0.0.1 - - [06/Apr/2023:17:24:50 +0900] "GET / HTTP/1.1" 404 807
0:0:0:0:0:0:0:1 - - [06/Apr/2023:17:24:50 +0900] "GET /clientweb/css/cssexam.html HTTP/1.1" 304 -
127.0.0.1 - - [06/Apr/2023:17:29:13 +0900] "GET / HTTP/1.1" 404 807
0:0:0:0:0:0:0:1 - - [06/Apr/2023:17:29:18 +0900] "GET /clientweb/css/css_table_exam2.html HTTP/1.1" 200 2599
127.0.0.1 - - [06/Apr/2023:17:30:24 +0900] "GET / HTTP/1.1" 404 807
0:0:0:0:0:0:0:1 - - [06/Apr/2023:17:30:29 +0900] "GET /clientweb/css/css_table_exam2.html HTTP/1.1" 304 -
0:0:0:0:0:0:0:1 - - [06/Apr/2023:17:30:34 +0900] "GET /clientweb/css/css_table_exam2.html HTTP/1.1" 304 -
0:0:0:0:0:0:0:1 - - [06/Apr/2023:17:30:41 +0900] "GET /clientweb/css/css_table_exam2.html HTTP/1.1" 200 2177
0:0:0:0:0:0:0:1 - - [06/Apr/2023:17:31:28 +0900] "GET /clientweb/css/css_table_exam2.html HTTP/1.1" 304 -
0:0:0:0:0:0:0:1 - - [06/Apr/2023:17:31:28 +0900] "GET /clientweb/css/css_table_exam2.html HTTP/1.1" 304 -
0:0:0:0:0:0:0:1 - - [06/Apr/2023:17:31:31 +0900] "GET /clientweb/css/css_table_exam2.html HTTP/1.1" 200 2216
0:0:0:0:0:0:0:1 - - [06/Apr/2023:17:31:32 +0900] "GET /clientweb/css/css_table_exam2.html HTTP/1.1" 304 -
127.0.0.1 - - [06/Apr/2023:17:31:32 +0900] "GET / HTTP/1.1" 404 807
0:0:0:0:0:0:0:1 - - [06/Apr/2023:17:31:32 +0900] "GET /clientweb/css/css_table_exam2.html HTTP/1.1" 304 -
0:0:0:0:0:0:0:1 - - [06/Apr/2023:17:31:56 +0900] "GET /clientweb/css/css_table_exam2.html HTTP/1.1" 304 -
0:0:0:0:0:0:0:1 - - [06/Apr/2023:17:31:56 +0900] "GET /clientweb/css/css_table_exam2.html HTTP/1.1" 304 -
0:0:0:0:0:0:0:1 - - [06/Apr/2023:17:31:59 +0900] "GET /clientweb/css/css_table_exam2.html HTTP/1.1" 200 2262
0:0:0:0:0:0:0:1 - - [06/Apr/2023:17:32:00 +0900] "GET /clientweb/css/css_table_exam2.html HTTP/1.1" 304 -
127.0.0.1 - - [06/Apr/2023:17:32:00 +0900] "GET / HTTP/1.1" 404 807
0:0:0:0:0:0:0:1 - - [06/Apr/2023:17:33:42 +0900] "GET /clientweb/css/css_table_exam2.html HTTP/1.1" 200 2316
0:0:0:0:0:0:0:1 - - [06/Apr/2023:17:33:42 +0900] "GET /clientweb/css/css_table_exam2.html HTTP/1.1" 304 -
127.0.0.1 - - [06/Apr/2023:17:33:43 +0900] "GET / HTTP/1.1" 404 807
0:0:0:0:0:0:0:1 - - [06/Apr/2023:17:34:20 +0900] "GET /clientweb/css/css_table_exam2.html HTTP/1.1" 200 2373
0:0:0:0:0:0:0:1 - - [06/Apr/2023:17:34:20 +0900] "GET /clientweb/css/css_table_exam2.html HTTP/1.1" 304 -
127.0.0.1 - - [06/Apr/2023:17:34:20 +0900] "GET / HTTP/1.1" 404 807
0:0:0:0:0:0:0:1 - - [06/Apr/2023:17:34:21 +0900] "GET /clientweb/css/css_table_exam2.html HTTP/1.1" 304 -
127.0.0.1 - - [06/Apr/2023:17:36:52 +0900] "GET / HTTP/1.1" 404 807
0:0:0:0:0:0:0:1 - - [06/Apr/2023:17:36:53 +0900] "GET /clientweb/css/css_table_exam2.html HTTP/1.1" 200 2383
0:0:0:0:0:0:0:1 - - [06/Apr/2023:17:37:50 +0900] "GET /clientweb/css/css_table_exam2.html HTTP/1.1" 200 2393
127.0.0.1 - - [06/Apr/2023:17:37:51 +0900] "GET / HTTP/1.1" 404 807
127.0.0.1 - - [06/Apr/2023:17:38:36 +0900] "GET / HTTP/1.1" 404 807
0:0:0:0:0:0:0:1 - - [06/Apr/2023:17:38:38 +0900] "GET /clientweb/css/css_table_exam2.html HTTP/1.1" 200 2387
127.0.0.1 - - [06/Apr/2023:17:39:02 +0900] "GET / HTTP/1.1" 404 807
0:0:0:0:0:0:0:1 - - [06/Apr/2023:17:39:02 +0900] "GET /clientweb/css/css_table_exam2.html HTTP/1.1" 200 2383
0:0:0:0:0:0:0:1 - - [06/Apr/2023:17:39:03 +0900] "GET /clientweb/css/css_table_exam2.html HTTP/1.1" 304 -
127.0.0.1 - - [06/Apr/2023:17:40:21 +0900] "GET / HTTP/1.1" 404 807
0:0:0:0:0:0:0:1 - - [06/Apr/2023:17:40:22 +0900] "GET /clientweb/css/css_table_exam2.html HTTP/1.1" 200 2452
0:0:0:0:0:0:0:1 - - [06/Apr/2023:17:40:38 +0900] "GET /clientweb/css/css_table_exam2.html HTTP/1.1" 200 2463
127.0.0.1 - - [06/Apr/2023:17:40:39 +0900] "GET / HTTP/1.1" 404 807
0:0:0:0:0:0:0:1 - - [06/Apr/2023:17:40:39 +0900] "GET /clientweb/css/css_table_exam2.html HTTP/1.1" 304 -
127.0.0.1 - - [06/Apr/2023:17:41:13 +0900] "GET / HTTP/1.1" 404 807
0:0:0:0:0:0:0:1 - - [06/Apr/2023:17:41:13 +0900] "GET /clientweb/css/css_table_exam2.html HTTP/1.1" 200 2484
127.0.0.1 - - [06/Apr/2023:17:45:09 +0900] "GET / HTTP/1.1" 404 807
0:0:0:0:0:0:0:1 - - [06/Apr/2023:17:45:10 +0900] "GET /clientweb/css/css_table_exam2.html HTTP/1.1" 304 -
0:0:0:0:0:0:0:1 - - [06/Apr/2023:17:45:56 +0900] "GET /clientweb/css/css_table_exam2.html HTTP/1.1" 200 2505
127.0.0.1 - - [06/Apr/2023:17:45:56 +0900] "GET / HTTP/1.1" 404 807
0:0:0:0:0:0:0:1 - - [06/Apr/2023:17:45:56 +0900] "GET /clientweb/css/css_table_exam2.html HTTP/1.1" 304 -
0:0:0:0:0:0:0:1 - - [06/Apr/2023:17:45:57 +0900] "GET /clientweb/css/css_table_exam2.html HTTP/1.1" 304 -
0:0:0:0:0:0:0:1 - - [06/Apr/2023:17:46:18 +0900] "GET /clientweb/css/css_table_exam2.html HTTP/1.1" 200 2523
0:0:0:0:0:0:0:1 - - [06/Apr/2023:17:46:18 +0900] "GET /clientweb/css/css_table_exam2.html HTTP/1.1" 304 -
127.0.0.1 - - [06/Apr/2023:17:46:18 +0900] "GET / HTTP/1.1" 404 807
0:0:0:0:0:0:0:1 - - [06/Apr/2023:17:46:19 +0900] "GET /clientweb/css/css_table_exam2.html HTTP/1.1" 304 -
0:0:0:0:0:0:0:1 - - [06/Apr/2023:17:46:19 +0900] "GET /clientweb/css/css_table_exam2.html HTTP/1.1" 304 -
0:0:0:0:0:0:0:1 - - [06/Apr/2023:17:46:48 +0900] "GET /clientweb/css/css_table_exam2.html HTTP/1.1" 200 2551
127.0.0.1 - - [06/Apr/2023:17:46:48 +0900] "GET / HTTP/1.1" 404 807
0:0:0:0:0:0:0:1 - - [06/Apr/2023:17:46:48 +0900] "GET /clientweb/css/css_table_exam2.html HTTP/1.1" 304 -
127.0.0.1 - - [06/Apr/2023:17:47:10 +0900] "GET / HTTP/1.1" 404 807
127.0.0.1 - - [06/Apr/2023:17:47:14 +0900] "GET / HTTP/1.1" 404 807
0:0:0:0:0:0:0:1 - - [06/Apr/2023:17:47:14 +0900] "GET /clientweb/css/css_table_exam2.html HTTP/1.1" 200 2573
0:0:0:0:0:0:0:1 - - [06/Apr/2023:17:47:15 +0900] "GET /clientweb/css/css_table_exam2.html HTTP/1.1" 304 -
0:0:0:0:0:0:0:1 - - [06/Apr/2023:17:47:15 +0900] "GET /clientweb/css/css_table_exam2.html HTTP/1.1" 304 -
127.0.0.1 - - [06/Apr/2023:17:47:32 +0900] "GET / HTTP/1.1" 404 807
0:0:0:0:0:0:0:1 - - [06/Apr/2023:17:47:33 +0900] "GET /clientweb/css/css_table_exam2.html HTTP/1.1" 200 2574
0:0:0:0:0:0:0:1 - - [06/Apr/2023:17:47:34 +0900] "GET /clientweb/css/css_table_exam2.html HTTP/1.1" 304 -
0:0:0:0:0:0:0:1 - - [06/Apr/2023:17:47:35 +0900] "GET /clientweb/css/css_table_exam2.html HTTP/1.1" 304 -
0:0:0:0:0:0:0:1 - - [06/Apr/2023:17:47:35 +0900] "GET /clientweb/css/css_table_exam2.html HTTP/1.1" 304 -
0:0:0:0:0:0:0:1 - - [06/Apr/2023:17:47:36 +0900] "GET /clientweb/css/css_table_exam2.html HTTP/1.1" 304 -
0:0:0:0:0:0:0:1 - - [06/Apr/2023:17:47:37 +0900] "GET /clientweb/css/css_table_exam2.html HTTP/1.1" 304 -
127.0.0.1 - - [06/Apr/2023:17:47:49 +0900] "GET / HTTP/1.1" 404 807
0:0:0:0:0:0:0:1 - - [06/Apr/2023:17:47:50 +0900] "GET /clientweb/css/css_table_exam2.html HTTP/1.1" 200 2570
0:0:0:0:0:0:0:1 - - [06/Apr/2023:17:47:50 +0900] "GET /clientweb/css/css_table_exam2.html HTTP/1.1" 304 -
0:0:0:0:0:0:0:1 - - [06/Apr/2023:17:47:51 +0900] "GET /clientweb/css/css_table_exam2.html HTTP/1.1" 304 -
0:0:0:0:0:0:0:1 - - [06/Apr/2023:17:50:01 +0900] "GET /clientweb/css/css_table_exam2.html HTTP/1.1" 304 -
127.0.0.1 - - [06/Apr/2023:17:50:06 +0900] "GET / HTTP/1.1" 404 807
0:0:0:0:0:0:0:1 - - [06/Apr/2023:17:50:06 +0900] "GET /clientweb/css/css_table_exam2.html HTTP/1.1" 304 -
0:0:0:0:0:0:0:1 - - [06/Apr/2023:17:50:10 +0900] "GET /clientweb/css/css_table_exam2.html HTTP/1.1" 304 -
0:0:0:0:0:0:0:1 - - [06/Apr/2023:17:50:11 +0900] "GET /clientweb/css/css_table_exam2.html HTTP/1.1" 304 -
0:0:0:0:0:0:0:1 - - [06/Apr/2023:17:50:11 +0900] "GET /clientweb/css/css_table_exam2.html HTTP/1.1" 304 -
0:0:0:0:0:0:0:1 - - [06/Apr/2023:17:50:12 +0900] "GET /clientweb/css/css_table_exam2.html HTTP/1.1" 304 -
0:0:0:0:0:0:0:1 - - [06/Apr/2023:17:50:12 +0900] "GET /clientweb/css/css_table_exam2.html HTTP/1.1" 304 -
