127.0.0.1 - - [05/Apr/2023:10:26:07 +0900] "GET / HTTP/1.1" 404 807
172.30.1.60 - - [05/Apr/2023:10:26:28 +0900] "GET /html/image2.html HTTP/1.1" 404 827
172.30.1.60 - - [05/Apr/2023:10:26:38 +0900] "GET /html/media/image2.html HTTP/1.1" 404 837
172.30.1.60 - - [05/Apr/2023:10:26:54 +0900] "GET /clientweb/html/media/image2.html HTTP/1.1" 404 851
172.30.1.60 - - [05/Apr/2023:10:26:57 +0900] "GET /clientweb/media/image2.html HTTP/1.1" 404 842
172.30.1.60 - - [05/Apr/2023:10:27:11 +0900] "GET /clientweb/html/media/image2.html HTTP/1.1" 404 851
172.30.1.60 - - [05/Apr/2023:10:29:07 +0900] "GET /clientweb/test.html HTTP/1.1" 200 155
172.30.1.60 - - [05/Apr/2023:10:29:23 +0900] "GET /html/image2.html HTTP/1.1" 404 827
172.30.1.60 - - [05/Apr/2023:10:29:35 +0900] "GET /html/image2.html HTTP/1.1" 404 827
127.0.0.1 - - [05/Apr/2023:10:29:42 +0900] "GET / HTTP/1.1" 404 807
172.30.1.60 - - [05/Apr/2023:10:29:42 +0900] "GET /html/image2.html HTTP/1.1" 404 827
172.30.1.60 - - [05/Apr/2023:10:29:44 +0900] "GET /html/image2.html HTTP/1.1" 404 827
172.30.1.60 - - [05/Apr/2023:10:29:51 +0900] "GET /clientweb/html/image2.html HTTP/1.1" 404 841
172.30.1.60 - - [05/Apr/2023:10:31:22 +0900] "GET /clientweb/html/image2.html HTTP/1.1" 404 841
172.30.1.60 - - [05/Apr/2023:10:31:34 +0900] "GET /clientweb/images/bts2.jpg HTTP/1.1" 200 86982
172.30.1.60 - - [05/Apr/2023:10:31:48 +0900] "GET /clientweb/html/media/image2.html HTTP/1.1" 200 154
172.30.1.60 - - [05/Apr/2023:10:31:48 +0900] "GET /clientweb/bts2.jpg HTTP/1.1" 404 829
172.30.1.60 - - [05/Apr/2023:10:32:13 +0900] "GET /clientweb/html/media/image2.html HTTP/1.1" 304 -
172.30.1.60 - - [05/Apr/2023:10:32:13 +0900] "GET /clientweb/bts2.jpg HTTP/1.1" 404 829
127.0.0.1 - - [05/Apr/2023:10:32:19 +0900] "GET / HTTP/1.1" 404 807
172.30.1.60 - - [05/Apr/2023:10:32:19 +0900] "GET /clientweb/html/media/image2.html HTTP/1.1" 200 161
172.30.1.60 - - [05/Apr/2023:10:32:19 +0900] "GET /clientweb/images/bts2.jpg HTTP/1.1" 304 -
127.0.0.1 - - [05/Apr/2023:10:35:10 +0900] "GET / HTTP/1.1" 404 807
172.30.1.60 - - [05/Apr/2023:10:35:17 +0900] "GET /clientweb/html/media/atagtest.html HTTP/1.1" 404 853
172.30.1.60 - - [05/Apr/2023:10:35:21 +0900] "GET /clientweb/html/atagtest.html HTTP/1.1" 200 168
127.0.0.1 - - [05/Apr/2023:10:35:52 +0900] "GET / HTTP/1.1" 404 807
172.30.1.60 - - [05/Apr/2023:10:35:53 +0900] "GET /clientweb/html/atagtest.html HTTP/1.1" 200 169
172.30.1.60 - - [05/Apr/2023:10:36:26 +0900] "GET /clientweb/html/atagtest.html HTTP/1.1" 200 185
172.30.1.60 - - [05/Apr/2023:10:39:30 +0900] "GET /clientweb/html/atagtest.html HTTP/1.1" 200 274
172.30.1.60 - - [05/Apr/2023:10:39:31 +0900] "GET /clientweb/html.lounge.html HTTP/1.1" 404 837
172.30.1.60 - - [05/Apr/2023:10:39:37 +0900] "GET /clientweb/html/atagtest.html HTTP/1.1" 200 274
172.30.1.60 - - [05/Apr/2023:10:39:38 +0900] "GET /clientweb/html.lounge/html HTTP/1.1" 404 841
172.30.1.60 - - [05/Apr/2023:10:39:47 +0900] "GET /clientweb/html/atagtest.html HTTP/1.1" 304 -
172.30.1.60 - - [05/Apr/2023:10:39:48 +0900] "GET /clientweb/html.lounge/html HTTP/1.1" 404 841
172.30.1.60 - - [05/Apr/2023:10:39:59 +0900] "GET /clientweb/html.lounge/html HTTP/1.1" 404 841
127.0.0.1 - - [05/Apr/2023:10:39:59 +0900] "GET / HTTP/1.1" 404 807
172.30.1.60 - - [05/Apr/2023:10:40:01 +0900] "GET /clientweb/html/atagtest.html HTTP/1.1" 200 274
172.30.1.60 - - [05/Apr/2023:10:40:02 +0900] "GET /clientweb/html/lounge.html HTTP/1.1" 200 543
172.30.1.60 - - [05/Apr/2023:10:40:02 +0900] "GET /webtest/Images/drinks.gif HTTP/1.1" 404 840
172.30.1.60 - - [05/Apr/2023:10:40:28 +0900] "GET /clientweb/html/atagtest.html HTTP/1.1" 304 -
127.0.0.1 - - [05/Apr/2023:10:40:28 +0900] "GET / HTTP/1.1" 404 807
172.30.1.60 - - [05/Apr/2023:10:40:28 +0900] "GET /clientweb/html/lounge.html HTTP/1.1" 200 545
172.30.1.60 - - [05/Apr/2023:10:40:28 +0900] "GET /clientweb/images/drinks.gif HTTP/1.1" 200 11924
127.0.0.1 - - [05/Apr/2023:10:40:43 +0900] "GET / HTTP/1.1" 404 807
172.30.1.60 - - [05/Apr/2023:10:40:43 +0900] "GET /clientweb/html/atagtest.html HTTP/1.1" 200 281
127.0.0.1 - - [05/Apr/2023:10:41:23 +0900] "GET / HTTP/1.1" 404 807
172.30.1.60 - - [05/Apr/2023:10:41:24 +0900] "GET /clientweb/html/atagtest.html HTTP/1.1" 200 356
172.30.1.60 - - [05/Apr/2023:10:41:25 +0900] "GET /clientweb/html/lounge.html HTTP/1.1" 304 -
172.30.1.60 - - [05/Apr/2023:10:41:35 +0900] "GET /clientweb/html/atagtest.html HTTP/1.1" 200 354
127.0.0.1 - - [05/Apr/2023:10:41:35 +0900] "GET / HTTP/1.1" 404 807
172.30.1.60 - - [05/Apr/2023:10:41:36 +0900] "GET /clientweb/html/lounge.html HTTP/1.1" 304 -
172.30.1.60 - - [05/Apr/2023:10:44:10 +0900] "GET /clientweb/html/atagtest.html HTTP/1.1" 200 436
172.30.1.60 - - [05/Apr/2023:10:44:10 +0900] "GET /clientweb/images/bts2.jpg HTTP/1.1" 304 -
127.0.0.1 - - [05/Apr/2023:10:44:10 +0900] "GET / HTTP/1.1" 404 807
172.30.1.60 - - [05/Apr/2023:10:44:36 +0900] "GET /clientweb/html/atagtest.html HTTP/1.1" 200 436
127.0.0.1 - - [05/Apr/2023:10:44:37 +0900] "GET / HTTP/1.1" 404 807
172.30.1.60 - - [05/Apr/2023:10:44:37 +0900] "GET /clientweb/html/media/image2.html HTTP/1.1" 304 -
127.0.0.1 - - [05/Apr/2023:11:02:48 +0900] "GET / HTTP/1.1" 404 807
172.30.1.60 - - [05/Apr/2023:11:02:49 +0900] "GET /clientweb/html/atagtest.html HTTP/1.1" 200 479
172.30.1.60 - - [05/Apr/2023:11:02:49 +0900] "GET /clientweb/images/bts2.jpg HTTP/1.1" 304 -
172.30.1.60 - - [05/Apr/2023:11:02:50 +0900] "GET /clientweb/html/media/image2.html HTTP/1.1" 304 -
172.30.1.60 - - [05/Apr/2023:11:03:56 +0900] "GET /clientweb/html/lounge.html HTTP/1.1" 304 -
172.30.1.60 - - [05/Apr/2023:11:03:56 +0900] "GET /clientweb/images/drinks.gif HTTP/1.1" 304 -
172.30.1.60 - - [05/Apr/2023:11:25:52 +0900] "GET /clientweb/html/table1.html HTTP/1.1" 200 424
172.30.1.60 - - [05/Apr/2023:11:26:45 +0900] "GET /clientweb/html/table1.html HTTP/1.1" 200 447
172.30.1.60 - - [05/Apr/2023:11:30:02 +0900] "GET /clientweb/html/table1.html HTTP/1.1" 200 714
172.30.1.60 - - [05/Apr/2023:11:30:20 +0900] "GET /clientweb/html/table1.html HTTP/1.1" 200 714
172.30.1.60 - - [05/Apr/2023:11:30:21 +0900] "GET /clientweb/html/table1.html HTTP/1.1" 304 -
172.30.1.60 - - [05/Apr/2023:11:31:33 +0900] "GET /clientweb/html/table1.html HTTP/1.1" 200 792
172.30.1.60 - - [05/Apr/2023:11:38:25 +0900] "GET /clientweb/html/table1.html HTTP/1.1" 200 854
172.30.1.60 - - [05/Apr/2023:11:38:49 +0900] "GET /clientweb/html/table1.html HTTP/1.1" 200 866
172.30.1.60 - - [05/Apr/2023:11:39:01 +0900] "GET /clientweb/html/table1.html HTTP/1.1" 304 -
172.30.1.60 - - [05/Apr/2023:11:39:02 +0900] "GET /clientweb/html/table1.html HTTP/1.1" 304 -
172.30.1.60 - - [05/Apr/2023:11:39:13 +0900] "GET /clientweb/html/table1.html HTTP/1.1" 200 867
172.30.1.60 - - [05/Apr/2023:11:39:16 +0900] "GET /clientweb/html/table1.html HTTP/1.1" 304 -
172.30.1.60 - - [05/Apr/2023:11:39:46 +0900] "GET /clientweb/html/table1.html HTTP/1.1" 304 -
172.30.1.60 - - [05/Apr/2023:11:39:48 +0900] "GET /clientweb/html/table1.html HTTP/1.1" 304 -
127.0.0.1 - - [05/Apr/2023:11:39:53 +0900] "GET / HTTP/1.1" 404 807
172.30.1.60 - - [05/Apr/2023:11:39:55 +0900] "GET /clientweb/html/table1.html HTTP/1.1" 200 841
172.30.1.60 - - [05/Apr/2023:11:40:24 +0900] "GET /clientweb/html/table1.html HTTP/1.1" 304 -
172.30.1.60 - - [05/Apr/2023:11:40:28 +0900] "GET /clientweb/html/table1.html HTTP/1.1" 304 -
127.0.0.1 - - [05/Apr/2023:11:40:33 +0900] "GET / HTTP/1.1" 404 807
172.30.1.60 - - [05/Apr/2023:11:40:33 +0900] "GET /clientweb/html/table1.html HTTP/1.1" 200 828
127.0.0.1 - - [05/Apr/2023:11:48:16 +0900] "GET / HTTP/1.1" 404 807
172.30.1.60 - - [05/Apr/2023:11:48:17 +0900] "GET /clientweb/html/table1.html HTTP/1.1" 304 -
172.30.1.60 - - [05/Apr/2023:11:48:22 +0900] "GET /clientweb/html/table.html HTTP/1.1" 404 840
172.30.1.60 - - [05/Apr/2023:11:48:29 +0900] "GET /clientweb/html/table_exam.html HTTP/1.1" 200 656
172.30.1.60 - - [05/Apr/2023:11:48:51 +0900] "GET /clientweb/html/table_exam.html HTTP/1.1" 200 667
172.30.1.60 - - [05/Apr/2023:11:48:52 +0900] "GET /clientweb/html/table_exam.html HTTP/1.1" 304 -
127.0.0.1 - - [05/Apr/2023:11:48:52 +0900] "GET / HTTP/1.1" 404 807
172.30.1.60 - - [05/Apr/2023:11:48:52 +0900] "GET /clientweb/html/table_exam.html HTTP/1.1" 304 -
172.30.1.60 - - [05/Apr/2023:11:48:53 +0900] "GET /clientweb/html/table_exam.html HTTP/1.1" 304 -
172.30.1.60 - - [05/Apr/2023:11:49:02 +0900] "GET /clientweb/html/table_exam.html HTTP/1.1" 304 -
172.30.1.60 - - [05/Apr/2023:11:49:03 +0900] "GET /clientweb/html/table_exam.html HTTP/1.1" 304 -
127.0.0.1 - - [05/Apr/2023:11:49:07 +0900] "GET / HTTP/1.1" 404 807
172.30.1.60 - - [05/Apr/2023:11:49:08 +0900] "GET /clientweb/html/table_exam.html HTTP/1.1" 200 667
127.0.0.1 - - [05/Apr/2023:11:55:50 +0900] "GET / HTTP/1.1" 404 807
172.30.1.60 - - [05/Apr/2023:11:56:18 +0900] "GET /clientweb/html/table_exam.html HTTP/1.1" 200 714
172.30.1.60 - - [05/Apr/2023:11:56:34 +0900] "GET /clientweb/html/table_exam.html HTTP/1.1" 200 726
172.30.1.60 - - [05/Apr/2023:11:57:01 +0900] "GET /clientweb/html/table_exam.html HTTP/1.1" 304 -
172.30.1.60 - - [05/Apr/2023:11:57:02 +0900] "GET /clientweb/html/table_exam.html HTTP/1.1" 304 -
172.30.1.60 - - [05/Apr/2023:11:57:05 +0900] "GET /clientweb/html/table_exam.html HTTP/1.1" 200 726
172.30.1.60 - - [05/Apr/2023:11:57:06 +0900] "GET /clientweb/html/table_exam.html HTTP/1.1" 304 -
127.0.0.1 - - [05/Apr/2023:11:57:06 +0900] "GET / HTTP/1.1" 404 807
127.0.0.1 - - [05/Apr/2023:13:21:09 +0900] "GET / HTTP/1.1" 404 807
172.30.1.60 - - [05/Apr/2023:13:21:18 +0900] "GET /clientweb/html/table2.html HTTP/1.1" 200 502
172.30.1.60 - - [05/Apr/2023:13:21:39 +0900] "GET /clientweb/html/table2.html HTTP/1.1" 304 -
172.30.1.60 - - [05/Apr/2023:13:21:44 +0900] "GET /clientweb/html/table2.html HTTP/1.1" 200 514
172.30.1.60 - - [05/Apr/2023:13:21:44 +0900] "GET /clientweb/html/table2.html HTTP/1.1" 304 -
127.0.0.1 - - [05/Apr/2023:13:21:45 +0900] "GET / HTTP/1.1" 404 807
172.30.1.60 - - [05/Apr/2023:13:21:55 +0900] "GET /clientweb/html/table2.html HTTP/1.1" 200 527
127.0.0.1 - - [05/Apr/2023:13:21:56 +0900] "GET / HTTP/1.1" 404 807
127.0.0.1 - - [05/Apr/2023:13:23:21 +0900] "GET / HTTP/1.1" 404 807
172.30.1.60 - - [05/Apr/2023:13:23:21 +0900] "GET /clientweb/html/table2.html HTTP/1.1" 200 527
172.30.1.60 - - [05/Apr/2023:13:23:22 +0900] "GET /clientweb/html/table2.html HTTP/1.1" 304 -
172.30.1.60 - - [05/Apr/2023:13:23:46 +0900] "GET /clientweb/html/table2.html HTTP/1.1" 200 527
127.0.0.1 - - [05/Apr/2023:13:23:46 +0900] "GET / HTTP/1.1" 404 807
127.0.0.1 - - [05/Apr/2023:13:24:04 +0900] "GET / HTTP/1.1" 404 807
172.30.1.60 - - [05/Apr/2023:13:24:04 +0900] "GET /clientweb/html/table2.html HTTP/1.1" 200 527
172.30.1.60 - - [05/Apr/2023:13:24:17 +0900] "GET /clientweb/html/table2.html HTTP/1.1" 304 -
172.30.1.60 - - [05/Apr/2023:13:24:19 +0900] "GET /clientweb/html/table2.html HTTP/1.1" 304 -
172.30.1.60 - - [05/Apr/2023:13:24:20 +0900] "GET /clientweb/html/table2.html HTTP/1.1" 304 -
172.30.1.60 - - [05/Apr/2023:13:24:20 +0900] "GET /clientweb/html/table2.html HTTP/1.1" 304 -
127.0.0.1 - - [05/Apr/2023:13:24:25 +0900] "GET / HTTP/1.1" 404 807
172.30.1.60 - - [05/Apr/2023:13:24:25 +0900] "GET /clientweb/html/table2.html HTTP/1.1" 200 527
127.0.0.1 - - [05/Apr/2023:13:25:11 +0900] "GET / HTTP/1.1" 404 807
172.30.1.60 - - [05/Apr/2023:13:25:11 +0900] "GET /clientweb/html/table2.html HTTP/1.1" 200 527
172.30.1.60 - - [05/Apr/2023:13:25:12 +0900] "GET /clientweb/html/table2.html HTTP/1.1" 304 -
127.0.0.1 - - [05/Apr/2023:13:25:20 +0900] "GET / HTTP/1.1" 404 807
172.30.1.60 - - [05/Apr/2023:13:25:20 +0900] "GET /clientweb/html/table2.html HTTP/1.1" 200 511
172.30.1.60 - - [05/Apr/2023:13:26:30 +0900] "GET /clientweb/html/table2.html HTTP/1.1" 200 511
127.0.0.1 - - [05/Apr/2023:13:26:30 +0900] "GET / HTTP/1.1" 404 807
172.30.1.60 - - [05/Apr/2023:13:26:42 +0900] "GET /clientweb/html/table2.html HTTP/1.1" 200 527
127.0.0.1 - - [05/Apr/2023:13:26:42 +0900] "GET / HTTP/1.1" 404 807
127.0.0.1 - - [05/Apr/2023:13:51:53 +0900] "GET / HTTP/1.1" 404 807
172.30.1.60 - - [05/Apr/2023:13:51:55 +0900] "GET /clientweb/html/table2.html HTTP/1.1" 304 -
172.30.1.60 - - [05/Apr/2023:13:52:03 +0900] "GET /clientweb/html/media/media.html HTTP/1.1" 200 266
172.30.1.60 - - [05/Apr/2023:13:52:03 +0900] "GET /clientweb/media/video.mp4 HTTP/1.1" 404 840
172.30.1.60 - - [05/Apr/2023:13:52:11 +0900] "GET /clientweb/html/media/media.html HTTP/1.1" 304 -
172.30.1.60 - - [05/Apr/2023:13:52:11 +0900] "GET /clientweb/media/video.mp4 HTTP/1.1" 404 840
172.30.1.60 - - [05/Apr/2023:13:52:13 +0900] "GET /clientweb/html/media/media.html HTTP/1.1" 304 -
172.30.1.60 - - [05/Apr/2023:13:52:13 +0900] "GET /clientweb/media/video.mp4 HTTP/1.1" 404 840
127.0.0.1 - - [05/Apr/2023:13:52:27 +0900] "GET / HTTP/1.1" 404 807
172.30.1.60 - - [05/Apr/2023:13:52:27 +0900] "GET /clientweb/html/media/media.html HTTP/1.1" 200 268
172.30.1.60 - - [05/Apr/2023:13:52:27 +0900] "GET /clientweb/media/Skidrow.mp3 HTTP/1.1" 404 842
172.30.1.60 - - [05/Apr/2023:13:52:32 +0900] "GET /clientweb/html/media/media.html HTTP/1.1" 304 -
172.30.1.60 - - [05/Apr/2023:13:52:32 +0900] "GET /clientweb/media/Skidrow.mp3 HTTP/1.1" 404 842
127.0.0.1 - - [05/Apr/2023:13:53:53 +0900] "GET / HTTP/1.1" 404 807
172.30.1.60 - - [05/Apr/2023:13:53:54 +0900] "GET /clientweb/html/media/media.html HTTP/1.1" 200 359
172.30.1.60 - - [05/Apr/2023:13:53:54 +0900] "GET /clientweb/media/Skidrow.mp3 HTTP/1.1" 404 842
172.30.1.60 - - [05/Apr/2023:13:53:54 +0900] "GET /clientweb/media/Skidrow.mp3 HTTP/1.1" 404 842
172.30.1.60 - - [05/Apr/2023:13:53:56 +0900] "GET /clientweb/html/media/media.html HTTP/1.1" 304 -
172.30.1.60 - - [05/Apr/2023:13:53:56 +0900] "GET /clientweb/media/Skidrow.mp3 HTTP/1.1" 404 842
172.30.1.60 - - [05/Apr/2023:13:53:56 +0900] "GET /clientweb/media/Skidrow.mp3 HTTP/1.1" 404 842
172.30.1.60 - - [05/Apr/2023:13:54:02 +0900] "GET /clientweb/html/media/media.html HTTP/1.1" 304 -
172.30.1.60 - - [05/Apr/2023:13:54:02 +0900] "GET /clientweb/media/Skidrow.mp3 HTTP/1.1" 404 842
172.30.1.60 - - [05/Apr/2023:13:54:02 +0900] "GET /clientweb/media/Skidrow.mp3 HTTP/1.1" 404 842
172.30.1.60 - - [05/Apr/2023:13:54:02 +0900] "GET /clientweb/html/media/media.html HTTP/1.1" 304 -
172.30.1.60 - - [05/Apr/2023:13:54:02 +0900] "GET /clientweb/media/Skidrow.mp3 HTTP/1.1" 404 842
172.30.1.60 - - [05/Apr/2023:13:54:02 +0900] "GET /clientweb/media/Skidrow.mp3 HTTP/1.1" 404 842
172.30.1.60 - - [05/Apr/2023:13:54:03 +0900] "GET /clientweb/html/media/media.html HTTP/1.1" 304 -
172.30.1.60 - - [05/Apr/2023:13:54:03 +0900] "GET /clientweb/media/Skidrow.mp3 HTTP/1.1" 404 842
172.30.1.60 - - [05/Apr/2023:13:54:03 +0900] "GET /clientweb/media/Skidrow.mp3 HTTP/1.1" 404 842
172.30.1.60 - - [05/Apr/2023:13:54:04 +0900] "GET /clientweb/html/media/media.html HTTP/1.1" 304 -
172.30.1.60 - - [05/Apr/2023:13:54:04 +0900] "GET /clientweb/media/Skidrow.mp3 HTTP/1.1" 404 842
172.30.1.60 - - [05/Apr/2023:13:54:04 +0900] "GET /clientweb/media/Skidrow.mp3 HTTP/1.1" 404 842
172.30.1.60 - - [05/Apr/2023:13:54:04 +0900] "GET /clientweb/html/media/media.html HTTP/1.1" 304 -
172.30.1.60 - - [05/Apr/2023:13:54:04 +0900] "GET /clientweb/media/Skidrow.mp3 HTTP/1.1" 404 842
172.30.1.60 - - [05/Apr/2023:13:54:04 +0900] "GET /clientweb/media/Skidrow.mp3 HTTP/1.1" 404 842
172.30.1.60 - - [05/Apr/2023:13:54:05 +0900] "GET /clientweb/html/media/media.html HTTP/1.1" 304 -
172.30.1.60 - - [05/Apr/2023:13:54:05 +0900] "GET /clientweb/media/Skidrow.mp3 HTTP/1.1" 404 842
172.30.1.60 - - [05/Apr/2023:13:54:05 +0900] "GET /clientweb/media/Skidrow.mp3 HTTP/1.1" 404 842
172.30.1.60 - - [05/Apr/2023:13:54:15 +0900] "GET /clientweb/html/media/media.html HTTP/1.1" 304 -
172.30.1.60 - - [05/Apr/2023:13:54:15 +0900] "GET /clientweb/media/Skidrow.mp3 HTTP/1.1" 404 842
172.30.1.60 - - [05/Apr/2023:13:54:15 +0900] "GET /clientweb/media/Skidrow.mp3 HTTP/1.1" 404 842
172.30.1.60 - - [05/Apr/2023:13:54:16 +0900] "GET /clientweb/html/media/media.html HTTP/1.1" 304 -
172.30.1.60 - - [05/Apr/2023:13:54:16 +0900] "GET /clientweb/media/Skidrow.mp3 HTTP/1.1" 404 842
172.30.1.60 - - [05/Apr/2023:13:54:16 +0900] "GET /clientweb/media/Skidrow.mp3 HTTP/1.1" 404 842
127.0.0.1 - - [05/Apr/2023:13:54:20 +0900] "GET / HTTP/1.1" 404 807
172.30.1.60 - - [05/Apr/2023:13:54:21 +0900] "GET /clientweb/html/media/media.html HTTP/1.1" 304 -
172.30.1.60 - - [05/Apr/2023:13:54:21 +0900] "GET /clientweb/media/Skidrow.mp3 HTTP/1.1" 404 842
172.30.1.60 - - [05/Apr/2023:13:54:21 +0900] "GET /clientweb/media/Skidrow.mp3 HTTP/1.1" 404 842
172.30.1.60 - - [05/Apr/2023:13:54:22 +0900] "GET /clientweb/html/media/media.html HTTP/1.1" 304 -
172.30.1.60 - - [05/Apr/2023:13:54:22 +0900] "GET /clientweb/media/Skidrow.mp3 HTTP/1.1" 404 842
172.30.1.60 - - [05/Apr/2023:13:54:22 +0900] "GET /clientweb/media/Skidrow.mp3 HTTP/1.1" 404 842
172.30.1.60 - - [05/Apr/2023:13:54:23 +0900] "GET /clientweb/html/media/media.html HTTP/1.1" 304 -
172.30.1.60 - - [05/Apr/2023:13:54:23 +0900] "GET /clientweb/media/Skidrow.mp3 HTTP/1.1" 404 842
172.30.1.60 - - [05/Apr/2023:13:54:23 +0900] "GET /clientweb/media/Skidrow.mp3 HTTP/1.1" 404 842
172.30.1.60 - - [05/Apr/2023:13:54:24 +0900] "GET /clientweb/html/media/media.html HTTP/1.1" 304 -
172.30.1.60 - - [05/Apr/2023:13:54:24 +0900] "GET /clientweb/media/Skidrow.mp3 HTTP/1.1" 404 842
172.30.1.60 - - [05/Apr/2023:13:54:24 +0900] "GET /clientweb/media/Skidrow.mp3 HTTP/1.1" 404 842
172.30.1.60 - - [05/Apr/2023:13:54:30 +0900] "GET /clientweb/html/media/media.html HTTP/1.1" 200 360
172.30.1.60 - - [05/Apr/2023:13:54:30 +0900] "GET /clientweb/media/Skidrow.mp3 HTTP/1.1" 404 842
172.30.1.60 - - [05/Apr/2023:13:54:30 +0900] "GET /clientweb/media/Skidrow.mp3 HTTP/1.1" 404 842
172.30.1.60 - - [05/Apr/2023:13:54:31 +0900] "GET /clientweb/html/media/media.html HTTP/1.1" 304 -
172.30.1.60 - - [05/Apr/2023:13:54:31 +0900] "GET /clientweb/media/Skidrow.mp3 HTTP/1.1" 404 842
172.30.1.60 - - [05/Apr/2023:13:54:31 +0900] "GET /clientweb/media/Skidrow.mp3 HTTP/1.1" 404 842
127.0.0.1 - - [05/Apr/2023:13:54:31 +0900] "GET / HTTP/1.1" 404 807
172.30.1.60 - - [05/Apr/2023:13:54:56 +0900] "GET /clientweb/media/Skidrow.mp3 HTTP/1.1" 404 842
172.30.1.60 - - [05/Apr/2023:13:55:12 +0900] "GET /clientweb/media/video.mp4 HTTP/1.1" 404 840
172.30.1.60 - - [05/Apr/2023:13:55:23 +0900] "GET /clientweb/media/video.mp4 HTTP/1.1" 404 840
172.30.1.60 - - [05/Apr/2023:13:55:27 +0900] "GET /clientweb/media/video.mp4 HTTP/1.1" 404 840
127.0.0.1 - - [05/Apr/2023:13:55:27 +0900] "GET / HTTP/1.1" 404 807
172.30.1.60 - - [05/Apr/2023:13:55:27 +0900] "GET /clientweb/media/video.mp4 HTTP/1.1" 404 840
172.30.1.60 - - [05/Apr/2023:13:55:28 +0900] "GET /clientweb/media/video.mp4 HTTP/1.1" 404 840
127.0.0.1 - - [05/Apr/2023:13:55:44 +0900] "GET / HTTP/1.1" 404 807
172.30.1.60 - - [05/Apr/2023:13:55:46 +0900] "GET /clientweb/html/media/media.html HTTP/1.1" 304 -
172.30.1.60 - - [05/Apr/2023:13:55:46 +0900] "GET /clientweb/media/Skidrow.mp3 HTTP/1.1" 206 3662522
172.30.1.60 - - [05/Apr/2023:13:55:46 +0900] "GET /clientweb/media/Skidrow.mp3 HTTP/1.1" 206 3662522
172.30.1.60 - - [05/Apr/2023:13:55:47 +0900] "GET /clientweb/html/media/media.html HTTP/1.1" 304 -
172.30.1.60 - - [05/Apr/2023:13:55:49 +0900] "GET /clientweb/html/media/media.html HTTP/1.1" 304 -
172.30.1.60 - - [05/Apr/2023:13:55:50 +0900] "GET /clientweb/html/media/media.html HTTP/1.1" 304 -
172.30.1.60 - - [05/Apr/2023:13:55:51 +0900] "GET /clientweb/html/media/media.html HTTP/1.1" 304 -
172.30.1.60 - - [05/Apr/2023:13:55:52 +0900] "GET /clientweb/media/Skidrow.mp3 HTTP/1.1" 206 2548410
172.30.1.60 - - [05/Apr/2023:13:56:02 +0900] "GET /clientweb/html/media/media.html HTTP/1.1" 304 -
127.0.0.1 - - [05/Apr/2023:13:56:15 +0900] "GET / HTTP/1.1" 404 807
172.30.1.60 - - [05/Apr/2023:13:56:18 +0900] "GET /clientweb/html/media/media.html HTTP/1.1" 200 369
172.30.1.60 - - [05/Apr/2023:13:56:19 +0900] "GET /clientweb/html/media/media.html HTTP/1.1" 304 -
127.0.0.1 - - [05/Apr/2023:13:57:02 +0900] "GET / HTTP/1.1" 404 807
172.30.1.60 - - [05/Apr/2023:13:57:03 +0900] "GET /clientweb/html/media/media.html HTTP/1.1" 200 360
172.30.1.60 - - [05/Apr/2023:13:57:03 +0900] "GET /clientweb/media/Skidrow.mp3 HTTP/1.1" 304 -
172.30.1.60 - - [05/Apr/2023:13:57:20 +0900] "GET /clientweb/html/media/media.html HTTP/1.1" 200 369
127.0.0.1 - - [05/Apr/2023:13:57:20 +0900] "GET / HTTP/1.1" 404 807
172.30.1.60 - - [05/Apr/2023:13:57:22 +0900] "GET /clientweb/html/media/media.html HTTP/1.1" 304 -
127.0.0.1 - - [05/Apr/2023:13:57:49 +0900] "GET / HTTP/1.1" 404 807
172.30.1.60 - - [05/Apr/2023:13:57:50 +0900] "GET /clientweb/html/media/media.html HTTP/1.1" 200 475
127.0.0.1 - - [05/Apr/2023:13:58:04 +0900] "GET / HTTP/1.1" 404 807
172.30.1.60 - - [05/Apr/2023:13:58:04 +0900] "GET /clientweb/html/media/media.html HTTP/1.1" 200 475
127.0.0.1 - - [05/Apr/2023:13:59:12 +0900] "GET / HTTP/1.1" 404 807
172.30.1.60 - - [05/Apr/2023:13:59:13 +0900] "GET /clientweb/html/media/media.html HTTP/1.1" 200 382
127.0.0.1 - - [05/Apr/2023:13:59:21 +0900] "GET / HTTP/1.1" 404 807
172.30.1.60 - - [05/Apr/2023:13:59:21 +0900] "GET /clientweb/html/media/media.html HTTP/1.1" 200 386
127.0.0.1 - - [05/Apr/2023:14:04:42 +0900] "GET / HTTP/1.1" 404 807
172.30.1.60 - - [05/Apr/2023:14:04:52 +0900] "GET /clientweb/html/table_p92.html HTTP/1.1" 200 1443
172.30.1.60 - - [05/Apr/2023:14:05:04 +0900] "GET /clientweb/html/table_p92.html HTTP/1.1" 200 1454
127.0.0.1 - - [05/Apr/2023:14:05:04 +0900] "GET / HTTP/1.1" 404 807
127.0.0.1 - - [05/Apr/2023:14:05:43 +0900] "GET / HTTP/1.1" 404 807
172.30.1.60 - - [05/Apr/2023:14:05:44 +0900] "GET /clientweb/html/table_p92.html HTTP/1.1" 200 1490
127.0.0.1 - - [05/Apr/2023:14:06:27 +0900] "GET / HTTP/1.1" 404 807
172.30.1.60 - - [05/Apr/2023:14:06:28 +0900] "GET /clientweb/html/table_p92.html HTTP/1.1" 200 1410
127.0.0.1 - - [05/Apr/2023:14:09:00 +0900] "GET / HTTP/1.1" 404 807
172.30.1.60 - - [05/Apr/2023:14:09:05 +0900] "GET /clientweb/html/media/media.html HTTP/1.1" 200 729
172.30.1.60 - - [05/Apr/2023:14:09:05 +0900] "GET /clientweb/media/Skidrow.mp3 HTTP/1.1" 304 -
172.30.1.60 - - [05/Apr/2023:14:09:05 +0900] "GET /clientweb/media/viedeo.mp4 HTTP/1.1" 404 841
127.0.0.1 - - [05/Apr/2023:14:09:27 +0900] "GET / HTTP/1.1" 404 807
172.30.1.60 - - [05/Apr/2023:14:09:27 +0900] "GET /clientweb/html/media/media.html HTTP/1.1" 200 749
172.30.1.60 - - [05/Apr/2023:14:09:27 +0900] "GET /clientweb/media/viedeo.mp4 HTTP/1.1" 404 841
127.0.0.1 - - [05/Apr/2023:14:09:39 +0900] "GET / HTTP/1.1" 404 807
172.30.1.60 - - [05/Apr/2023:14:09:42 +0900] "GET /clientweb/html/media/media.html HTTP/1.1" 200 752
172.30.1.60 - - [05/Apr/2023:14:09:42 +0900] "GET /clientweb/media/viedeo.mp4 HTTP/1.1" 404 841
127.0.0.1 - - [05/Apr/2023:14:14:06 +0900] "GET / HTTP/1.1" 404 807
172.30.1.60 - - [05/Apr/2023:14:14:20 +0900] "GET /clientweb/html/list.html HTTP/1.1" 200 306
172.30.1.60 - - [05/Apr/2023:14:14:49 +0900] "GET /clientweb/html/list.html HTTP/1.1" 200 448
127.0.0.1 - - [05/Apr/2023:14:14:49 +0900] "GET / HTTP/1.1" 404 807
127.0.0.1 - - [05/Apr/2023:14:30:50 +0900] "GET / HTTP/1.1" 404 807
172.30.1.60 - - [05/Apr/2023:14:30:51 +0900] "GET /clientweb/html/list.html HTTP/1.1" 304 -
172.30.1.60 - - [05/Apr/2023:14:30:57 +0900] "GET /clientweb/html/formTagTest.html HTTP/1.1" 200 417
127.0.0.1 - - [05/Apr/2023:14:33:01 +0900] "GET / HTTP/1.1" 404 807
172.30.1.60 - - [05/Apr/2023:14:33:03 +0900] "GET /clientweb/html/formTagTest.html HTTP/1.1" 200 615
172.30.1.60 - - [05/Apr/2023:14:33:09 +0900] "GET /clientweb/html/lounge.html? HTTP/1.1" 200 545
172.30.1.60 - - [05/Apr/2023:14:33:09 +0900] "GET /clientweb/images/drinks.gif HTTP/1.1" 304 -
127.0.0.1 - - [05/Apr/2023:14:37:35 +0900] "GET / HTTP/1.1" 404 807
172.30.1.60 - - [05/Apr/2023:14:37:36 +0900] "GET /clientweb/html/formTagTest.html HTTP/1.1" 200 719
172.30.1.60 - - [05/Apr/2023:14:37:37 +0900] "GET /clientweb/html/lounge.html?id=&password=&etc= HTTP/1.1" 200 545
127.0.0.1 - - [05/Apr/2023:14:42:02 +0900] "GET / HTTP/1.1" 404 807
172.30.1.60 - - [05/Apr/2023:14:42:06 +0900] "GET /clientweb/html/lounge.html?id=123&password=123&etc=124 HTTP/1.1" 200 545
172.30.1.60 - - [05/Apr/2023:14:42:18 +0900] "GET /clientweb/html/formTagTest.html HTTP/1.1" 200 717
172.30.1.60 - - [05/Apr/2023:14:42:20 +0900] "POST /clientweb/html/lounge.html HTTP/1.1" 200 545
127.0.0.1 - - [05/Apr/2023:15:09:22 +0900] "GET / HTTP/1.1" 404 807
127.0.0.1 - - [05/Apr/2023:15:09:56 +0900] "GET / HTTP/1.1" 404 807
172.30.1.60 - - [05/Apr/2023:15:09:58 +0900] "GET /clientweb/html/formTagTest.html HTTP/1.1" 200 1099
172.30.1.60 - - [05/Apr/2023:15:10:07 +0900] "POST /clientweb/html/lounge.html HTTP/1.1" 200 545
172.30.1.60 - - [05/Apr/2023:15:10:07 +0900] "GET /clientweb/images/drinks.gif HTTP/1.1" 304 -
127.0.0.1 - - [05/Apr/2023:15:10:31 +0900] "GET / HTTP/1.1" 404 807
172.30.1.60 - - [05/Apr/2023:15:10:32 +0900] "GET /clientweb/html/formTagTest.html HTTP/1.1" 200 1098
172.30.1.60 - - [05/Apr/2023:15:10:36 +0900] "GET /clientweb/html/lounge.html?id=dtd&pass=dtd&info=dtdt&subject2=jdbc&subject4=javascript HTTP/1.1" 200 545
127.0.0.1 - - [05/Apr/2023:15:11:38 +0900] "GET / HTTP/1.1" 404 807
172.30.1.60 - - [05/Apr/2023:15:11:39 +0900] "GET /clientweb/html/formTagTest.html HTTP/1.1" 200 1466
172.30.1.60 - - [05/Apr/2023:15:11:45 +0900] "GET /clientweb/html/lounge.html?id=&pass=&info=&subject1=jdbc&subject1=javascript&subject2=jdbc&subject3=spring HTTP/1.1" 200 545
172.30.1.60 - - [05/Apr/2023:15:12:05 +0900] "GET /clientweb/html/lounge.html?id=&pass=&info=&subject1=java&subject1=jdbc&subject1=html&subject1=javascript&subject1=spring&subject2=javascript&subject3=spring HTTP/1.1" 200 545
127.0.0.1 - - [05/Apr/2023:15:14:11 +0900] "GET / HTTP/1.1" 404 807
172.30.1.60 - - [05/Apr/2023:15:14:15 +0900] "GET /clientweb/html/formTagTest.html HTTP/1.1" 200 1712
127.0.0.1 - - [05/Apr/2023:15:18:31 +0900] "GET / HTTP/1.1" 404 807
127.0.0.1 - - [05/Apr/2023:15:18:48 +0900] "GET / HTTP/1.1" 404 807
172.30.1.60 - - [05/Apr/2023:15:18:48 +0900] "GET /clientweb/html/formTagTest.html HTTP/1.1" 200 2039
172.30.1.60 - - [05/Apr/2023:15:18:55 +0900] "GET /clientweb/html/lounge.html?id=&pass=&info=&subject2=java HTTP/1.1" 200 545
172.30.1.60 - - [05/Apr/2023:15:18:59 +0900] "GET /clientweb/html/lounge.html?id=&pass=&info=&subject2=javascript HTTP/1.1" 200 545
127.0.0.1 - - [05/Apr/2023:15:20:22 +0900] "GET / HTTP/1.1" 404 807
172.30.1.60 - - [05/Apr/2023:15:20:22 +0900] "GET /clientweb/html/formTagTest.html HTTP/1.1" 200 2392
172.30.1.60 - - [05/Apr/2023:15:20:44 +0900] "GET /clientweb/html/lounge.html?id=&pass=&info=&subject3=spring&subject4=jdbc HTTP/1.1" 200 545
127.0.0.1 - - [05/Apr/2023:15:21:23 +0900] "GET / HTTP/1.1" 404 807
172.30.1.60 - - [05/Apr/2023:15:21:26 +0900] "GET /clientweb/html/formTagTest.html HTTP/1.1" 200 2412
172.30.1.60 - - [05/Apr/2023:15:21:56 +0900] "GET /clientweb/html/lounge.html?id=&pass=&info=&subject3=java&subject4=java&subject4=jdbc&subject4=html&subject4=javascript&subject4=spring HTTP/1.1" 200 545
127.0.0.1 - - [05/Apr/2023:15:23:58 +0900] "GET / HTTP/1.1" 404 807
172.30.1.60 - - [05/Apr/2023:15:24:00 +0900] "GET /clientweb/html/formTagTest.html HTTP/1.1" 200 2620
127.0.0.1 - - [05/Apr/2023:15:24:45 +0900] "GET / HTTP/1.1" 404 807
172.30.1.60 - - [05/Apr/2023:15:24:45 +0900] "GET /clientweb/html/formTagTest.html HTTP/1.1" 200 2640
127.0.0.1 - - [05/Apr/2023:15:26:26 +0900] "GET / HTTP/1.1" 404 807
172.30.1.60 - - [05/Apr/2023:15:26:27 +0900] "GET /clientweb/html/formTagTest.html HTTP/1.1" 200 2753
127.0.0.1 - - [05/Apr/2023:15:28:07 +0900] "GET / HTTP/1.1" 404 807
172.30.1.60 - - [05/Apr/2023:15:28:08 +0900] "GET /clientweb/html/formTagTest.html HTTP/1.1" 200 2802
172.30.1.60 - - [05/Apr/2023:15:28:13 +0900] "GET /clientweb/html/lounge.html?id=&pass=&info=&subject3=java HTTP/1.1" 200 545
127.0.0.1 - - [05/Apr/2023:15:28:49 +0900] "GET / HTTP/1.1" 404 807
127.0.0.1 - - [05/Apr/2023:15:29:07 +0900] "GET / HTTP/1.1" 404 807
172.30.1.60 - - [05/Apr/2023:15:29:09 +0900] "GET /clientweb/html/formTagTest.html HTTP/1.1" 200 2865
172.30.1.60 - - [05/Apr/2023:15:29:11 +0900] "GET /clientweb/html/formTagTest.html HTTP/1.1" 304 -
172.30.1.60 - - [05/Apr/2023:15:29:19 +0900] "GET /clientweb/html/lounge.html?id=&pass=&info=&subject3=java&hidden=secureVal HTTP/1.1" 200 545
127.0.0.1 - - [05/Apr/2023:15:33:27 +0900] "GET / HTTP/1.1" 404 807
172.30.1.60 - - [05/Apr/2023:15:33:28 +0900] "GET /clientweb/html/formTagTest.html HTTP/1.1" 200 3155
172.30.1.60 - - [05/Apr/2023:15:33:28 +0900] "GET /clientweb/images/daumlogo.png HTTP/1.1" 200 4923
172.30.1.60 - - [05/Apr/2023:15:33:30 +0900] "GET /clientweb/html/lounge.html?id=&pass=&info=&subject3=java&hidden=secureVal&x=165&y=85 HTTP/1.1" 200 545
172.30.1.60 - - [05/Apr/2023:15:33:39 +0900] "GET /clientweb/html/lounge.html?id=&pass=&info=&subject3=java&hidden=secureVal&x=100&y=103 HTTP/1.1" 200 545
172.30.1.60 - - [05/Apr/2023:15:33:42 +0900] "GET /clientweb/html/lounge.html?id=&pass=&info=&subject3=java&hidden=secureVal&x=129&y=86 HTTP/1.1" 200 545
127.0.0.1 - - [05/Apr/2023:15:36:26 +0900] "GET / HTTP/1.1" 404 807
172.30.1.60 - - [05/Apr/2023:15:36:30 +0900] "GET /clientweb/html/customer.html HTTP/1.1" 200 187
127.0.0.1 - - [05/Apr/2023:15:37:02 +0900] "GET / HTTP/1.1" 404 807
172.30.1.60 - - [05/Apr/2023:15:37:02 +0900] "GET /clientweb/html/customer.html HTTP/1.1" 200 229
172.30.1.60 - - [05/Apr/2023:15:37:03 +0900] "GET /clientweb/html/customer.html HTTP/1.1" 304 -
172.30.1.60 - - [05/Apr/2023:15:37:49 +0900] "GET /clientweb/html/customer.html HTTP/1.1" 200 288
127.0.0.1 - - [05/Apr/2023:15:37:50 +0900] "GET / HTTP/1.1" 404 807
127.0.0.1 - - [05/Apr/2023:15:45:57 +0900] "GET / HTTP/1.1" 404 807
172.30.1.60 - - [05/Apr/2023:15:45:58 +0900] "GET /clientweb/html/customer.html HTTP/1.1" 200 1858
172.30.1.60 - - [05/Apr/2023:15:46:29 +0900] "GET /clientweb/html/customer.html HTTP/1.1" 200 1870
127.0.0.1 - - [05/Apr/2023:15:46:29 +0900] "GET / HTTP/1.1" 404 807
172.30.1.60 - - [05/Apr/2023:15:46:30 +0900] "GET /clientweb/html/customer.html HTTP/1.1" 304 -
172.30.1.60 - - [05/Apr/2023:15:46:30 +0900] "GET /clientweb/html/customer.html HTTP/1.1" 304 -
172.30.1.60 - - [05/Apr/2023:15:46:31 +0900] "GET /clientweb/html/customer.html HTTP/1.1" 304 -
127.0.0.1 - - [05/Apr/2023:15:46:45 +0900] "GET / HTTP/1.1" 404 807
172.30.1.60 - - [05/Apr/2023:15:46:45 +0900] "GET /clientweb/html/customer.html HTTP/1.1" 200 1870
127.0.0.1 - - [05/Apr/2023:15:47:05 +0900] "GET / HTTP/1.1" 404 807
172.30.1.60 - - [05/Apr/2023:15:47:05 +0900] "GET /clientweb/html/customer.html HTTP/1.1" 200 1882
172.30.1.60 - - [05/Apr/2023:15:47:21 +0900] "GET /clientweb/html/customer.html HTTP/1.1" 200 1897
172.30.1.60 - - [05/Apr/2023:15:47:21 +0900] "GET /clientweb/html/customer.html HTTP/1.1" 304 -
127.0.0.1 - - [05/Apr/2023:15:47:22 +0900] "GET / HTTP/1.1" 404 807
127.0.0.1 - - [05/Apr/2023:15:51:08 +0900] "GET / HTTP/1.1" 404 807
172.30.1.60 - - [05/Apr/2023:15:51:09 +0900] "GET /clientweb/html/customer.html HTTP/1.1" 200 1953
172.30.1.60 - - [05/Apr/2023:15:51:11 +0900] "GET /clientweb/html/customer.html HTTP/1.1" 304 -
172.30.1.60 - - [05/Apr/2023:15:51:11 +0900] "GET /clientweb/html/customer.html HTTP/1.1" 304 -
127.0.0.1 - - [05/Apr/2023:15:51:41 +0900] "GET / HTTP/1.1" 404 807
172.30.1.60 - - [05/Apr/2023:15:51:41 +0900] "GET /clientweb/html/customer.html HTTP/1.1" 200 1977
127.0.0.1 - - [05/Apr/2023:15:53:41 +0900] "GET / HTTP/1.1" 404 807
172.30.1.60 - - [05/Apr/2023:15:53:43 +0900] "GET /clientweb/html/customer.html HTTP/1.1" 200 1983
127.0.0.1 - - [05/Apr/2023:15:54:20 +0900] "GET / HTTP/1.1" 404 807
172.30.1.60 - - [05/Apr/2023:15:54:23 +0900] "GET /clientweb/html/customer.html HTTP/1.1" 200 1983
172.30.1.60 - - [05/Apr/2023:15:54:25 +0900] "GET /clientweb/html/customer.html HTTP/1.1" 304 -
127.0.0.1 - - [05/Apr/2023:15:55:06 +0900] "GET / HTTP/1.1" 404 807
172.30.1.60 - - [05/Apr/2023:15:55:07 +0900] "GET /clientweb/html/customer.html HTTP/1.1" 200 1981
127.0.0.1 - - [05/Apr/2023:15:55:49 +0900] "GET / HTTP/1.1" 404 807
172.30.1.60 - - [05/Apr/2023:15:55:51 +0900] "GET /clientweb/html/customer.html HTTP/1.1" 200 2159
127.0.0.1 - - [05/Apr/2023:15:56:16 +0900] "GET / HTTP/1.1" 404 807
172.30.1.60 - - [05/Apr/2023:15:56:17 +0900] "GET /clientweb/html/customer.html HTTP/1.1" 200 2171
172.30.1.60 - - [05/Apr/2023:15:56:18 +0900] "GET /clientweb/html/customer.html HTTP/1.1" 304 -
127.0.0.1 - - [05/Apr/2023:15:56:32 +0900] "GET / HTTP/1.1" 404 807
127.0.0.1 - - [05/Apr/2023:15:56:37 +0900] "GET / HTTP/1.1" 404 807
172.30.1.60 - - [05/Apr/2023:15:56:38 +0900] "GET /clientweb/html/customer.html HTTP/1.1" 200 2178
172.30.1.60 - - [05/Apr/2023:15:56:39 +0900] "GET /clientweb/html/customer.html HTTP/1.1" 304 -
172.30.1.60 - - [05/Apr/2023:15:56:40 +0900] "GET /clientweb/html/customer.html HTTP/1.1" 304 -
127.0.0.1 - - [05/Apr/2023:15:57:14 +0900] "GET / HTTP/1.1" 404 807
172.30.1.60 - - [05/Apr/2023:15:57:15 +0900] "GET /clientweb/html/customer.html HTTP/1.1" 200 2159
172.30.1.60 - - [05/Apr/2023:15:57:16 +0900] "GET /clientweb/html/customer.html HTTP/1.1" 304 -
127.0.0.1 - - [05/Apr/2023:15:57:37 +0900] "GET / HTTP/1.1" 404 807
172.30.1.60 - - [05/Apr/2023:15:57:37 +0900] "GET /clientweb/html/customer.html HTTP/1.1" 200 2175
172.30.1.60 - - [05/Apr/2023:15:57:38 +0900] "GET /clientweb/html/customer.html HTTP/1.1" 304 -
127.0.0.1 - - [05/Apr/2023:15:57:54 +0900] "GET / HTTP/1.1" 404 807
172.30.1.60 - - [05/Apr/2023:15:57:55 +0900] "GET /clientweb/html/customer.html HTTP/1.1" 200 2159
172.30.1.60 - - [05/Apr/2023:15:57:56 +0900] "GET /clientweb/html/customer.html HTTP/1.1" 304 -
172.30.1.60 - - [05/Apr/2023:15:57:56 +0900] "GET /clientweb/html/customer.html HTTP/1.1" 304 -
127.0.0.1 - - [05/Apr/2023:15:58:36 +0900] "GET / HTTP/1.1" 404 807
172.30.1.60 - - [05/Apr/2023:15:58:36 +0900] "GET /clientweb/html/customer.html HTTP/1.1" 200 2124
127.0.0.1 - - [05/Apr/2023:15:59:27 +0900] "GET / HTTP/1.1" 404 807
172.30.1.60 - - [05/Apr/2023:15:59:30 +0900] "GET /clientweb/html/customer.html HTTP/1.1" 200 2159
127.0.0.1 - - [05/Apr/2023:15:59:50 +0900] "GET / HTTP/1.1" 404 807
172.30.1.60 - - [05/Apr/2023:15:59:53 +0900] "GET /clientweb/html/customer.html HTTP/1.1" 200 2252
127.0.0.1 - - [05/Apr/2023:16:02:37 +0900] "GET / HTTP/1.1" 404 807
172.30.1.60 - - [05/Apr/2023:16:02:38 +0900] "GET /clientweb/html/customer.html HTTP/1.1" 200 2245
172.30.1.60 - - [05/Apr/2023:16:23:02 +0900] "GET /clientweb/html/customer.html?name=33333333333333&id=33333333&pass=333333333&passcheck=33333333&prejumin=3333333333&nextjumin=33333333&telNum1=33333333333333333&telNum2=3333333&telNum3=3333333333333&gender=m&job=dev&email=33333333333 HTTP/1.1" 200 2245
172.30.1.60 - - [05/Apr/2023:16:23:12 +0900] "GET /clientweb/html/customer.html HTTP/1.1" 304 -
127.0.0.1 - - [05/Apr/2023:16:39:52 +0900] "GET / HTTP/1.1" 404 807
172.30.1.60 - - [05/Apr/2023:16:40:02 +0900] "GET /clientweb/html/blockTest.html HTTP/1.1" 200 2494
172.30.1.60 - - [05/Apr/2023:16:40:02 +0900] "GET /clientweb/images/html5logo.png HTTP/1.1" 404 845
127.0.0.1 - - [05/Apr/2023:16:40:51 +0900] "GET / HTTP/1.1" 404 807
172.30.1.60 - - [05/Apr/2023:16:40:51 +0900] "GET /clientweb/html/blockTest.html HTTP/1.1" 304 -
172.30.1.60 - - [05/Apr/2023:16:40:51 +0900] "GET /clientweb/images/html5logo.png HTTP/1.1" 200 22722
172.30.1.60 - - [05/Apr/2023:16:41:11 +0900] "GET /clientweb/html/blockTest.html HTTP/1.1" 200 2519
172.30.1.60 - - [05/Apr/2023:16:41:11 +0900] "GET /clientweb/images/html5logo.png HTTP/1.1" 304 -
172.30.1.60 - - [05/Apr/2023:16:41:12 +0900] "GET /clientweb/html/blockTest.html HTTP/1.1" 304 -
127.0.0.1 - - [05/Apr/2023:16:41:12 +0900] "GET / HTTP/1.1" 404 807
127.0.0.1 - - [05/Apr/2023:16:41:23 +0900] "GET / HTTP/1.1" 404 807
172.30.1.60 - - [05/Apr/2023:16:41:23 +0900] "GET /clientweb/html/blockTest.html HTTP/1.1" 200 2519
172.30.1.60 - - [05/Apr/2023:16:41:23 +0900] "GET /clientweb/images/html5logo.png HTTP/1.1" 304 -
127.0.0.1 - - [05/Apr/2023:16:44:19 +0900] "GET / HTTP/1.1" 404 807
172.30.1.60 - - [05/Apr/2023:16:44:20 +0900] "GET /clientweb/html/blockTest.html HTTP/1.1" 200 2638
172.30.1.60 - - [05/Apr/2023:16:44:20 +0900] "GET /clientweb/images/html5logo.png HTTP/1.1" 304 -
127.0.0.1 - - [05/Apr/2023:16:44:44 +0900] "GET / HTTP/1.1" 404 807
172.30.1.60 - - [05/Apr/2023:16:44:45 +0900] "GET /clientweb/html/blockTest.html HTTP/1.1" 200 2655
172.30.1.60 - - [05/Apr/2023:16:44:45 +0900] "GET /clientweb/images/html5logo.png HTTP/1.1" 304 -
172.30.1.60 - - [05/Apr/2023:16:44:46 +0900] "GET /clientweb/html/blockTest.html HTTP/1.1" 304 -
127.0.0.1 - - [05/Apr/2023:16:46:29 +0900] "GET / HTTP/1.1" 404 807
172.30.1.60 - - [05/Apr/2023:16:46:30 +0900] "GET /clientweb/html/blockTest.html HTTP/1.1" 200 2834
172.30.1.60 - - [05/Apr/2023:16:46:30 +0900] "GET /clientweb/images/html5logo.png HTTP/1.1" 304 -
127.0.0.1 - - [05/Apr/2023:16:48:24 +0900] "GET / HTTP/1.1" 404 807
127.0.0.1 - - [05/Apr/2023:16:48:38 +0900] "GET / HTTP/1.1" 404 807
172.30.1.60 - - [05/Apr/2023:16:48:39 +0900] "GET /clientweb/html/blockTest.html HTTP/1.1" 200 2975
172.30.1.60 - - [05/Apr/2023:16:48:39 +0900] "GET /clientweb/images/html5logo.png HTTP/1.1" 304 -
172.30.1.60 - - [05/Apr/2023:16:50:13 +0900] "GET /clientweb/html/blockTest.html HTTP/1.1" 200 3062
172.30.1.60 - - [05/Apr/2023:16:50:13 +0900] "GET /clientweb/images/html5logo.png HTTP/1.1" 304 -
172.30.1.60 - - [05/Apr/2023:16:50:17 +0900] "GET /clientweb/html/blockTest.html HTTP/1.1" 304 -
127.0.0.1 - - [05/Apr/2023:16:50:17 +0900] "GET / HTTP/1.1" 404 807
127.0.0.1 - - [05/Apr/2023:16:52:00 +0900] "GET / HTTP/1.1" 404 807
172.30.1.60 - - [05/Apr/2023:16:52:01 +0900] "GET /clientweb/html/blockTest.html HTTP/1.1" 200 3080
172.30.1.60 - - [05/Apr/2023:16:52:01 +0900] "GET /clientweb/images/html5logo.png HTTP/1.1" 304 -
127.0.0.1 - - [05/Apr/2023:16:52:19 +0900] "GET / HTTP/1.1" 404 807
172.30.1.60 - - [05/Apr/2023:16:52:21 +0900] "GET /clientweb/html/blockTest.html HTTP/1.1" 200 3100
0:0:0:0:0:0:0:1 - - [05/Apr/2023:16:53:26 +0900] "GET /clientweb/html/blockTest.html HTTP/1.1" 200 3111
0:0:0:0:0:0:0:1 - - [05/Apr/2023:16:53:26 +0900] "GET /clientweb/images/html5logo.png HTTP/1.1" 200 22722
0:0:0:0:0:0:0:1 - - [05/Apr/2023:16:53:26 +0900] "GET /favicon.ico HTTP/1.1" 404 818
0:0:0:0:0:0:0:1 - - [05/Apr/2023:16:53:28 +0900] "GET /clientweb/html/blockTest.html HTTP/1.1" 304 -
127.0.0.1 - - [05/Apr/2023:16:54:59 +0900] "GET / HTTP/1.1" 404 807
172.30.1.60 - - [05/Apr/2023:16:54:59 +0900] "GET /clientweb/html/blockTest.html HTTP/1.1" 200 3126
172.30.1.60 - - [05/Apr/2023:16:54:59 +0900] "GET /clientweb/images/html5logo.png HTTP/1.1" 304 -
172.30.1.60 - - [05/Apr/2023:16:55:08 +0900] "GET /clientweb/html/blockTest.html HTTP/1.1" 200 3125
127.0.0.1 - - [05/Apr/2023:16:56:30 +0900] "GET / HTTP/1.1" 404 807
172.30.1.60 - - [05/Apr/2023:16:56:32 +0900] "GET /clientweb/html/blockTest.html HTTP/1.1" 200 3215
172.30.1.60 - - [05/Apr/2023:16:56:32 +0900] "GET /clientweb/images/html5logo.png HTTP/1.1" 304 -
127.0.0.1 - - [05/Apr/2023:16:57:01 +0900] "GET / HTTP/1.1" 404 807
127.0.0.1 - - [05/Apr/2023:16:57:04 +0900] "GET / HTTP/1.1" 404 807
172.30.1.60 - - [05/Apr/2023:16:57:06 +0900] "GET /clientweb/html/blockTest.html HTTP/1.1" 200 3240
127.0.0.1 - - [05/Apr/2023:16:57:17 +0900] "GET / HTTP/1.1" 404 807
172.30.1.60 - - [05/Apr/2023:16:57:17 +0900] "GET /clientweb/html/blockTest.html HTTP/1.1" 200 3241
127.0.0.1 - - [05/Apr/2023:16:57:29 +0900] "GET / HTTP/1.1" 404 807
172.30.1.60 - - [05/Apr/2023:16:57:30 +0900] "GET /clientweb/html/blockTest.html HTTP/1.1" 200 3249
127.0.0.1 - - [05/Apr/2023:16:58:04 +0900] "GET / HTTP/1.1" 404 807
172.30.1.60 - - [05/Apr/2023:16:58:05 +0900] "GET /clientweb/html/blockTest.html HTTP/1.1" 200 3251
127.0.0.1 - - [05/Apr/2023:16:58:25 +0900] "GET / HTTP/1.1" 404 807
172.30.1.60 - - [05/Apr/2023:16:58:25 +0900] "GET /clientweb/html/blockTest.html HTTP/1.1" 200 3256
172.30.1.60 - - [05/Apr/2023:16:58:25 +0900] "GET /clientweb/images/html5logo.png HTTP/1.1" 304 -
172.30.1.60 - - [05/Apr/2023:16:58:26 +0900] "GET /clientweb/html/blockTest.html HTTP/1.1" 304 -
127.0.0.1 - - [05/Apr/2023:17:24:18 +0900] "GET / HTTP/1.1" 404 807
127.0.0.1 - - [05/Apr/2023:17:25:00 +0900] "GET / HTTP/1.1" 404 807
172.30.1.60 - - [05/Apr/2023:17:25:01 +0900] "GET /clientweb/html/blockTest.html HTTP/1.1" 200 3422
172.30.1.60 - - [05/Apr/2023:17:25:01 +0900] "GET /clientweb/images/html5logo.png HTTP/1.1" 304 -
127.0.0.1 - - [05/Apr/2023:17:31:16 +0900] "GET / HTTP/1.1" 404 807
172.30.1.60 - - [05/Apr/2023:17:31:29 +0900] "GET /clientweb/html/blog.html HTTP/1.1" 200 202
127.0.0.1 - - [05/Apr/2023:17:32:58 +0900] "GET / HTTP/1.1" 404 807
172.30.1.60 - - [05/Apr/2023:17:33:19 +0900] "GET /clientweb/html/blog.html HTTP/1.1" 200 348
172.30.1.60 - - [05/Apr/2023:17:33:46 +0900] "GET /clientweb/html/blog.html HTTP/1.1" 304 -
172.30.1.60 - - [05/Apr/2023:17:33:47 +0900] "GET /clientweb/html/blog.html HTTP/1.1" 304 -
172.30.1.60 - - [05/Apr/2023:17:33:49 +0900] "GET /clientweb/html/blog.html HTTP/1.1" 200 381
172.30.1.60 - - [05/Apr/2023:17:33:49 +0900] "GET /clientweb/html/blog.html HTTP/1.1" 304 -
127.0.0.1 - - [05/Apr/2023:17:33:50 +0900] "GET / HTTP/1.1" 404 807
172.30.1.60 - - [05/Apr/2023:17:34:27 +0900] "GET /clientweb/html/blog.html HTTP/1.1" 200 422
127.0.0.1 - - [05/Apr/2023:17:34:28 +0900] "GET / HTTP/1.1" 404 807
172.30.1.60 - - [05/Apr/2023:17:34:40 +0900] "GET /clientweb/html/blog.html HTTP/1.1" 200 422
127.0.0.1 - - [05/Apr/2023:17:34:40 +0900] "GET / HTTP/1.1" 404 807
172.30.1.60 - - [05/Apr/2023:17:34:52 +0900] "GET /clientweb/html/blog.html HTTP/1.1" 200 442
127.0.0.1 - - [05/Apr/2023:17:34:53 +0900] "GET / HTTP/1.1" 404 807
172.30.1.60 - - [05/Apr/2023:17:34:54 +0900] "GET /clientweb/html/blog.html HTTP/1.1" 304 -
172.30.1.60 - - [05/Apr/2023:17:35:57 +0900] "GET /clientweb/html/blog.html HTTP/1.1" 200 436
127.0.0.1 - - [05/Apr/2023:17:35:57 +0900] "GET / HTTP/1.1" 404 807
172.30.1.60 - - [05/Apr/2023:17:35:58 +0900] "GET /clientweb/html/blog.html HTTP/1.1" 304 -
172.30.1.60 - - [05/Apr/2023:17:35:59 +0900] "GET /clientweb/html/blog.html HTTP/1.1" 304 -
172.30.1.60 - - [05/Apr/2023:17:37:37 +0900] "GET /clientweb/html/blog.html HTTP/1.1" 304 -
127.0.0.1 - - [05/Apr/2023:17:38:36 +0900] "GET / HTTP/1.1" 404 807
172.30.1.60 - - [05/Apr/2023:17:38:37 +0900] "GET /clientweb/html/blog.html HTTP/1.1" 200 455
172.30.1.60 - - [05/Apr/2023:17:39:41 +0900] "GET /clientweb/html/blog.html HTTP/1.1" 200 466
127.0.0.1 - - [05/Apr/2023:17:39:41 +0900] "GET / HTTP/1.1" 404 807
172.30.1.60 - - [05/Apr/2023:17:39:42 +0900] "GET /clientweb/html/blog.html HTTP/1.1" 304 -
172.30.1.60 - - [05/Apr/2023:17:40:20 +0900] "GET /clientweb/html/blog.html HTTP/1.1" 200 456
127.0.0.1 - - [05/Apr/2023:17:40:20 +0900] "GET / HTTP/1.1" 404 807
127.0.0.1 - - [05/Apr/2023:17:41:37 +0900] "GET / HTTP/1.1" 404 807
172.30.1.60 - - [05/Apr/2023:17:41:37 +0900] "GET /clientweb/html/blog.html HTTP/1.1" 200 435
172.30.1.60 - - [05/Apr/2023:17:41:38 +0900] "GET /clientweb/html/blog.html HTTP/1.1" 304 -
172.30.1.60 - - [05/Apr/2023:17:42:28 +0900] "GET /clientweb/html/blog.html HTTP/1.1" 200 437
127.0.0.1 - - [05/Apr/2023:17:42:28 +0900] "GET / HTTP/1.1" 404 807
127.0.0.1 - - [05/Apr/2023:17:42:42 +0900] "GET / HTTP/1.1" 404 807
172.30.1.60 - - [05/Apr/2023:17:42:42 +0900] "GET /clientweb/html/blog.html HTTP/1.1" 200 415
127.0.0.1 - - [05/Apr/2023:17:43:12 +0900] "GET / HTTP/1.1" 404 807
172.30.1.60 - - [05/Apr/2023:17:43:12 +0900] "GET /clientweb/html/blog.html HTTP/1.1" 200 439
127.0.0.1 - - [05/Apr/2023:17:43:33 +0900] "GET / HTTP/1.1" 404 807
127.0.0.1 - - [05/Apr/2023:17:43:38 +0900] "GET / HTTP/1.1" 404 807
172.30.1.60 - - [05/Apr/2023:17:43:40 +0900] "GET /clientweb/html/blog.html HTTP/1.1" 200 457
127.0.0.1 - - [05/Apr/2023:17:43:49 +0900] "GET / HTTP/1.1" 404 807
172.30.1.60 - - [05/Apr/2023:17:43:49 +0900] "GET /clientweb/html/blog.html HTTP/1.1" 200 475
127.0.0.1 - - [05/Apr/2023:17:44:04 +0900] "GET / HTTP/1.1" 404 807
172.30.1.60 - - [05/Apr/2023:17:44:04 +0900] "GET /clientweb/html/blog.html HTTP/1.1" 200 475
127.0.0.1 - - [05/Apr/2023:17:44:20 +0900] "GET / HTTP/1.1" 404 807
172.30.1.60 - - [05/Apr/2023:17:44:23 +0900] "GET /clientweb/html/blog.html HTTP/1.1" 200 481
127.0.0.1 - - [05/Apr/2023:17:44:54 +0900] "GET / HTTP/1.1" 404 807
172.30.1.60 - - [05/Apr/2023:17:44:55 +0900] "GET /clientweb/html/blog.html HTTP/1.1" 200 507
127.0.0.1 - - [05/Apr/2023:17:45:04 +0900] "GET / HTTP/1.1" 404 807
172.30.1.60 - - [05/Apr/2023:17:45:04 +0900] "GET /clientweb/html/blog.html HTTP/1.1" 200 502
172.30.1.60 - - [05/Apr/2023:17:45:05 +0900] "GET /clientweb/html/blog.html HTTP/1.1" 304 -
127.0.0.1 - - [05/Apr/2023:17:49:44 +0900] "GET / HTTP/1.1" 404 807
172.30.1.60 - - [05/Apr/2023:17:49:47 +0900] "GET /clientweb/html/blog.html HTTP/1.1" 200 567
172.30.1.60 - - [05/Apr/2023:17:49:47 +0900] "GET /clientweb/html/blog.html HTTP/1.1" 304 -
0:0:0:0:0:0:0:1 - - [05/Apr/2023:17:50:46 +0900] "GET /clientweb/html/blockTest.html HTTP/1.1" 200 3958
0:0:0:0:0:0:0:1 - - [05/Apr/2023:17:50:46 +0900] "GET /clientweb/images/html5logo.png HTTP/1.1" 304 -
127.0.0.1 - - [05/Apr/2023:17:51:10 +0900] "GET / HTTP/1.1" 404 807
127.0.0.1 - - [05/Apr/2023:17:51:17 +0900] "GET / HTTP/1.1" 404 807
172.30.1.60 - - [05/Apr/2023:17:51:18 +0900] "GET /clientweb/html/blog.html HTTP/1.1" 200 1129
127.0.0.1 - - [05/Apr/2023:17:52:26 +0900] "GET / HTTP/1.1" 404 807
172.30.1.60 - - [05/Apr/2023:17:52:28 +0900] "GET /clientweb/html/blog.html HTTP/1.1" 200 1201
127.0.0.1 - - [05/Apr/2023:17:53:42 +0900] "GET / HTTP/1.1" 404 807
172.30.1.60 - - [05/Apr/2023:17:53:43 +0900] "GET /clientweb/html/blog.html HTTP/1.1" 200 1294
127.0.0.1 - - [05/Apr/2023:17:54:10 +0900] "GET / HTTP/1.1" 404 807
172.30.1.60 - - [05/Apr/2023:17:54:11 +0900] "GET /clientweb/html/blog.html HTTP/1.1" 200 1336
172.30.1.60 - - [05/Apr/2023:17:54:12 +0900] "GET /clientweb/html/blog.html HTTP/1.1" 304 -
127.0.0.1 - - [05/Apr/2023:17:54:44 +0900] "GET / HTTP/1.1" 404 807
172.30.1.60 - - [05/Apr/2023:17:54:45 +0900] "GET /clientweb/html/blog.html HTTP/1.1" 200 1339
172.30.1.60 - - [05/Apr/2023:17:56:25 +0900] "GET /clientweb/html/blog.html HTTP/1.1" 200 1423
127.0.0.1 - - [05/Apr/2023:17:56:25 +0900] "GET / HTTP/1.1" 404 807
127.0.0.1 - - [05/Apr/2023:17:57:53 +0900] "GET / HTTP/1.1" 404 807
172.30.1.60 - - [05/Apr/2023:17:57:54 +0900] "GET /clientweb/html/blog.html HTTP/1.1" 200 1348
127.0.0.1 - - [05/Apr/2023:17:58:09 +0900] "GET / HTTP/1.1" 404 807
172.30.1.60 - - [05/Apr/2023:17:58:09 +0900] "GET /clientweb/html/blog.html HTTP/1.1" 304 -
172.30.1.60 - - [05/Apr/2023:17:58:10 +0900] "GET /clientweb/html/blog.html HTTP/1.1" 304 -
172.30.1.60 - - [05/Apr/2023:17:58:11 +0900] "GET /clientweb/html/blog.html HTTP/1.1" 304 -
127.0.0.1 - - [05/Apr/2023:17:58:17 +0900] "GET / HTTP/1.1" 404 807
172.30.1.60 - - [05/Apr/2023:17:58:18 +0900] "GET /clientweb/html/blog.html HTTP/1.1" 200 1440
127.0.0.1 - - [05/Apr/2023:17:58:36 +0900] "GET / HTTP/1.1" 404 807
172.30.1.60 - - [05/Apr/2023:17:58:40 +0900] "GET /clientweb/html/blog.html HTTP/1.1" 200 1745
127.0.0.1 - - [05/Apr/2023:18:01:11 +0900] "GET / HTTP/1.1" 404 807
172.30.1.60 - - [05/Apr/2023:18:01:13 +0900] "GET /clientweb/html/blog.html HTTP/1.1" 200 1898
127.0.0.1 - - [05/Apr/2023:18:01:25 +0900] "GET / HTTP/1.1" 404 807
172.30.1.60 - - [05/Apr/2023:18:01:25 +0900] "GET /clientweb/html/blog.html HTTP/1.1" 304 -
172.30.1.60 - - [05/Apr/2023:18:01:27 +0900] "GET /clientweb/html/blog.html HTTP/1.1" 304 -
172.30.1.60 - - [05/Apr/2023:18:01:27 +0900] "GET /clientweb/html/blog.html HTTP/1.1" 304 -
127.0.0.1 - - [05/Apr/2023:18:01:32 +0900] "GET / HTTP/1.1" 404 807
172.30.1.60 - - [05/Apr/2023:18:01:32 +0900] "GET /clientweb/html/blog.html HTTP/1.1" 200 1900
0:0:0:0:0:0:0:1 - - [05/Apr/2023:18:02:40 +0900] "GET /clientweb/html/blog.html HTTP/1.1" 200 1900
127.0.0.1 - - [05/Apr/2023:18:02:46 +0900] "GET / HTTP/1.1" 404 807
127.0.0.1 - - [05/Apr/2023:18:02:53 +0900] "GET / HTTP/1.1" 404 807
0:0:0:0:0:0:0:1 - - [05/Apr/2023:18:02:55 +0900] "GET /clientweb/html/blog.html HTTP/1.1" 200 1950
0:0:0:0:0:0:0:1 - - [05/Apr/2023:18:02:55 +0900] "GET /favicon.ico HTTP/1.1" 404 818
127.0.0.1 - - [05/Apr/2023:18:06:09 +0900] "GET / HTTP/1.1" 404 807
0:0:0:0:0:0:0:1 - - [05/Apr/2023:18:06:11 +0900] "GET /clientweb/html/blog.html HTTP/1.1" 200 3157
127.0.0.1 - - [05/Apr/2023:18:06:49 +0900] "GET / HTTP/1.1" 404 807
0:0:0:0:0:0:0:1 - - [05/Apr/2023:18:06:50 +0900] "GET /clientweb/html/blog.html HTTP/1.1" 200 3188
127.0.0.1 - - [05/Apr/2023:18:08:15 +0900] "GET / HTTP/1.1" 404 807
0:0:0:0:0:0:0:1 - - [05/Apr/2023:18:08:16 +0900] "GET /clientweb/html/blog.html HTTP/1.1" 200 3325
127.0.0.1 - - [05/Apr/2023:18:10:45 +0900] "GET / HTTP/1.1" 404 807
0:0:0:0:0:0:0:1 - - [05/Apr/2023:18:10:51 +0900] "GET /clientweb/html/blog.html HTTP/1.1" 200 6249
127.0.0.1 - - [05/Apr/2023:18:11:02 +0900] "GET / HTTP/1.1" 404 807
0:0:0:0:0:0:0:1 - - [05/Apr/2023:18:11:03 +0900] "GET /clientweb/html/blog.html HTTP/1.1" 304 -
0:0:0:0:0:0:0:1 - - [05/Apr/2023:18:11:05 +0900] "GET /clientweb/html/blog.html HTTP/1.1" 304 -
0:0:0:0:0:0:0:1 - - [05/Apr/2023:18:11:07 +0900] "GET /clientweb/html/blog.html HTTP/1.1" 304 -
127.0.0.1 - - [05/Apr/2023:18:12:34 +0900] "GET / HTTP/1.1" 404 807
0:0:0:0:0:0:0:1 - - [05/Apr/2023:18:12:34 +0900] "GET /clientweb/html/blog.html HTTP/1.1" 200 6412
127.0.0.1 - - [05/Apr/2023:18:15:44 +0900] "GET / HTTP/1.1" 404 807
0:0:0:0:0:0:0:1 - - [05/Apr/2023:18:15:46 +0900] "GET /clientweb/html/blog.html HTTP/1.1" 200 6451
